###############################################################################
#
# IAR ELF Linker V8.30.2.160/W32 for ARM                  15/Nov/2018  18:34:41
# Copyright 2007-2018 IAR Systems AB.
#
#    Output file  =  
#        C:\dev\ChristmasLights\stm32_controller\target\IAR8.x\Debug\Exe\application.out
#    Map file     =  
#        C:\dev\ChristmasLights\stm32_controller\target\IAR8.x\Debug\List\application.map
#    Command line =  
#        -f C:\Users\nkoester\AppData\Local\Temp\EWC859.tmp
#        (C:\dev\ChristmasLights\stm32_controller\target\IAR8.x\Debug\Obj\ApplicationFontProvider.o
#        C:\dev\ChristmasLights\stm32_controller\target\IAR8.x\Debug\Obj\BitmapDatabase.o
#        C:\dev\ChristmasLights\stm32_controller\target\IAR8.x\Debug\Obj\BoardConfiguration.o
#        C:\dev\ChristmasLights\stm32_controller\target\IAR8.x\Debug\Obj\circle-outline.o
#        C:\dev\ChristmasLights\stm32_controller\target\IAR8.x\Debug\Obj\Color_wheel.o
#        C:\dev\ChristmasLights\stm32_controller\target\IAR8.x\Debug\Obj\croutine.o
#        C:\dev\ChristmasLights\stm32_controller\target\IAR8.x\Debug\Obj\event_groups.o
#        C:\dev\ChristmasLights\stm32_controller\target\IAR8.x\Debug\Obj\Font_verdana_10_4bpp.o
#        C:\dev\ChristmasLights\stm32_controller\target\IAR8.x\Debug\Obj\Font_verdana_20_4bpp.o
#        C:\dev\ChristmasLights\stm32_controller\target\IAR8.x\Debug\Obj\Font_verdana_40_4bpp.o
#        C:\dev\ChristmasLights\stm32_controller\target\IAR8.x\Debug\Obj\FontGetters.o
#        C:\dev\ChristmasLights\stm32_controller\target\IAR8.x\Debug\Obj\FrontendApplication.o
#        C:\dev\ChristmasLights\stm32_controller\target\IAR8.x\Debug\Obj\FrontendApplicationBase.o
#        C:\dev\ChristmasLights\stm32_controller\target\IAR8.x\Debug\Obj\ft5336.o
#        C:\dev\ChristmasLights\stm32_controller\target\IAR8.x\Debug\Obj\GPIO.o
#        C:\dev\ChristmasLights\stm32_controller\target\IAR8.x\Debug\Obj\heap_2.o
#        C:\dev\ChristmasLights\stm32_controller\target\IAR8.x\Debug\Obj\Kerning_verdana_10_4bpp.o
#        C:\dev\ChristmasLights\stm32_controller\target\IAR8.x\Debug\Obj\Kerning_verdana_20_4bpp.o
#        C:\dev\ChristmasLights\stm32_controller\target\IAR8.x\Debug\Obj\Kerning_verdana_40_4bpp.o
#        C:\dev\ChristmasLights\stm32_controller\target\IAR8.x\Debug\Obj\LanguageEng.o
#        C:\dev\ChristmasLights\stm32_controller\target\IAR8.x\Debug\Obj\list.o
#        C:\dev\ChristmasLights\stm32_controller\target\IAR8.x\Debug\Obj\main.o
#        C:\dev\ChristmasLights\stm32_controller\target\IAR8.x\Debug\Obj\Model.o
#        C:\dev\ChristmasLights\stm32_controller\target\IAR8.x\Debug\Obj\OSWrappers.o
#        C:\dev\ChristmasLights\stm32_controller\target\IAR8.x\Debug\Obj\port.o
#        C:\dev\ChristmasLights\stm32_controller\target\IAR8.x\Debug\Obj\portasm.o
#        C:\dev\ChristmasLights\stm32_controller\target\IAR8.x\Debug\Obj\queue.o
#        C:\dev\ChristmasLights\stm32_controller\target\IAR8.x\Debug\Obj\Screen1Presenter.o
#        C:\dev\ChristmasLights\stm32_controller\target\IAR8.x\Debug\Obj\Screen1View.o
#        C:\dev\ChristmasLights\stm32_controller\target\IAR8.x\Debug\Obj\Screen1ViewBase.o
#        C:\dev\ChristmasLights\stm32_controller\target\IAR8.x\Debug\Obj\startup_stm32f746xx.o
#        C:\dev\ChristmasLights\stm32_controller\target\IAR8.x\Debug\Obj\stm32746g_discovery.o
#        C:\dev\ChristmasLights\stm32_controller\target\IAR8.x\Debug\Obj\stm32746g_discovery_lcd.o
#        C:\dev\ChristmasLights\stm32_controller\target\IAR8.x\Debug\Obj\stm32746g_discovery_qspi.o
#        C:\dev\ChristmasLights\stm32_controller\target\IAR8.x\Debug\Obj\stm32746g_discovery_sd.o
#        C:\dev\ChristmasLights\stm32_controller\target\IAR8.x\Debug\Obj\stm32746g_discovery_sdram.o
#        C:\dev\ChristmasLights\stm32_controller\target\IAR8.x\Debug\Obj\stm32746g_discovery_ts.o
#        C:\dev\ChristmasLights\stm32_controller\target\IAR8.x\Debug\Obj\STM32F746GTouchController.o
#        C:\dev\ChristmasLights\stm32_controller\target\IAR8.x\Debug\Obj\STM32F7DMA.o
#        C:\dev\ChristmasLights\stm32_controller\target\IAR8.x\Debug\Obj\STM32F7HAL.o
#        C:\dev\ChristmasLights\stm32_controller\target\IAR8.x\Debug\Obj\STM32F7Instrumentation.o
#        C:\dev\ChristmasLights\stm32_controller\target\IAR8.x\Debug\Obj\stm32f7xx_hal.o
#        C:\dev\ChristmasLights\stm32_controller\target\IAR8.x\Debug\Obj\stm32f7xx_hal_adc.o
#        C:\dev\ChristmasLights\stm32_controller\target\IAR8.x\Debug\Obj\stm32f7xx_hal_adc_ex.o
#        C:\dev\ChristmasLights\stm32_controller\target\IAR8.x\Debug\Obj\stm32f7xx_hal_can.o
#        C:\dev\ChristmasLights\stm32_controller\target\IAR8.x\Debug\Obj\stm32f7xx_hal_cec.o
#        C:\dev\ChristmasLights\stm32_controller\target\IAR8.x\Debug\Obj\stm32f7xx_hal_cortex.o
#        C:\dev\ChristmasLights\stm32_controller\target\IAR8.x\Debug\Obj\stm32f7xx_hal_crc.o
#        C:\dev\ChristmasLights\stm32_controller\target\IAR8.x\Debug\Obj\stm32f7xx_hal_crc_ex.o
#        C:\dev\ChristmasLights\stm32_controller\target\IAR8.x\Debug\Obj\stm32f7xx_hal_cryp.o
#        C:\dev\ChristmasLights\stm32_controller\target\IAR8.x\Debug\Obj\stm32f7xx_hal_cryp_ex.o
#        C:\dev\ChristmasLights\stm32_controller\target\IAR8.x\Debug\Obj\stm32f7xx_hal_dac.o
#        C:\dev\ChristmasLights\stm32_controller\target\IAR8.x\Debug\Obj\stm32f7xx_hal_dac_ex.o
#        C:\dev\ChristmasLights\stm32_controller\target\IAR8.x\Debug\Obj\stm32f7xx_hal_dcmi.o
#        C:\dev\ChristmasLights\stm32_controller\target\IAR8.x\Debug\Obj\stm32f7xx_hal_dcmi_ex.o
#        C:\dev\ChristmasLights\stm32_controller\target\IAR8.x\Debug\Obj\stm32f7xx_hal_dma.o
#        C:\dev\ChristmasLights\stm32_controller\target\IAR8.x\Debug\Obj\stm32f7xx_hal_dma2d.o
#        C:\dev\ChristmasLights\stm32_controller\target\IAR8.x\Debug\Obj\stm32f7xx_hal_dma_ex.o
#        C:\dev\ChristmasLights\stm32_controller\target\IAR8.x\Debug\Obj\stm32f7xx_hal_eth.o
#        C:\dev\ChristmasLights\stm32_controller\target\IAR8.x\Debug\Obj\stm32f7xx_hal_flash.o
#        C:\dev\ChristmasLights\stm32_controller\target\IAR8.x\Debug\Obj\stm32f7xx_hal_flash_ex.o
#        C:\dev\ChristmasLights\stm32_controller\target\IAR8.x\Debug\Obj\stm32f7xx_hal_gpio.o
#        C:\dev\ChristmasLights\stm32_controller\target\IAR8.x\Debug\Obj\stm32f7xx_hal_hash.o
#        C:\dev\ChristmasLights\stm32_controller\target\IAR8.x\Debug\Obj\stm32f7xx_hal_hash_ex.o
#        C:\dev\ChristmasLights\stm32_controller\target\IAR8.x\Debug\Obj\stm32f7xx_hal_hcd.o
#        C:\dev\ChristmasLights\stm32_controller\target\IAR8.x\Debug\Obj\stm32f7xx_hal_i2c.o
#        C:\dev\ChristmasLights\stm32_controller\target\IAR8.x\Debug\Obj\stm32f7xx_hal_i2c_ex.o
#        C:\dev\ChristmasLights\stm32_controller\target\IAR8.x\Debug\Obj\stm32f7xx_hal_i2s.o
#        C:\dev\ChristmasLights\stm32_controller\target\IAR8.x\Debug\Obj\stm32f7xx_hal_irda.o
#        C:\dev\ChristmasLights\stm32_controller\target\IAR8.x\Debug\Obj\stm32f7xx_hal_iwdg.o
#        C:\dev\ChristmasLights\stm32_controller\target\IAR8.x\Debug\Obj\stm32f7xx_hal_lptim.o
#        C:\dev\ChristmasLights\stm32_controller\target\IAR8.x\Debug\Obj\stm32f7xx_hal_ltdc.o
#        C:\dev\ChristmasLights\stm32_controller\target\IAR8.x\Debug\Obj\stm32f7xx_hal_msp_template.o
#        C:\dev\ChristmasLights\stm32_controller\target\IAR8.x\Debug\Obj\stm32f7xx_hal_nand.o
#        C:\dev\ChristmasLights\stm32_controller\target\IAR8.x\Debug\Obj\stm32f7xx_hal_nor.o
#        C:\dev\ChristmasLights\stm32_controller\target\IAR8.x\Debug\Obj\stm32f7xx_hal_pcd.o
#        C:\dev\ChristmasLights\stm32_controller\target\IAR8.x\Debug\Obj\stm32f7xx_hal_pcd_ex.o
#        C:\dev\ChristmasLights\stm32_controller\target\IAR8.x\Debug\Obj\stm32f7xx_hal_pwr.o
#        C:\dev\ChristmasLights\stm32_controller\target\IAR8.x\Debug\Obj\stm32f7xx_hal_pwr_ex.o
#        C:\dev\ChristmasLights\stm32_controller\target\IAR8.x\Debug\Obj\stm32f7xx_hal_qspi.o
#        C:\dev\ChristmasLights\stm32_controller\target\IAR8.x\Debug\Obj\stm32f7xx_hal_rcc.o
#        C:\dev\ChristmasLights\stm32_controller\target\IAR8.x\Debug\Obj\stm32f7xx_hal_rcc_ex.o
#        C:\dev\ChristmasLights\stm32_controller\target\IAR8.x\Debug\Obj\stm32f7xx_hal_rng.o
#        C:\dev\ChristmasLights\stm32_controller\target\IAR8.x\Debug\Obj\stm32f7xx_hal_rtc.o
#        C:\dev\ChristmasLights\stm32_controller\target\IAR8.x\Debug\Obj\stm32f7xx_hal_rtc_ex.o
#        C:\dev\ChristmasLights\stm32_controller\target\IAR8.x\Debug\Obj\stm32f7xx_hal_sai.o
#        C:\dev\ChristmasLights\stm32_controller\target\IAR8.x\Debug\Obj\stm32f7xx_hal_sai_ex.o
#        C:\dev\ChristmasLights\stm32_controller\target\IAR8.x\Debug\Obj\stm32f7xx_hal_sd.o
#        C:\dev\ChristmasLights\stm32_controller\target\IAR8.x\Debug\Obj\stm32f7xx_hal_sdram.o
#        C:\dev\ChristmasLights\stm32_controller\target\IAR8.x\Debug\Obj\stm32f7xx_hal_spdifrx.o
#        C:\dev\ChristmasLights\stm32_controller\target\IAR8.x\Debug\Obj\stm32f7xx_hal_spi.o
#        C:\dev\ChristmasLights\stm32_controller\target\IAR8.x\Debug\Obj\stm32f7xx_hal_sram.o
#        C:\dev\ChristmasLights\stm32_controller\target\IAR8.x\Debug\Obj\stm32f7xx_hal_tim.o
#        C:\dev\ChristmasLights\stm32_controller\target\IAR8.x\Debug\Obj\stm32f7xx_hal_tim_ex.o
#        C:\dev\ChristmasLights\stm32_controller\target\IAR8.x\Debug\Obj\stm32f7xx_hal_uart.o
#        C:\dev\ChristmasLights\stm32_controller\target\IAR8.x\Debug\Obj\stm32f7xx_hal_usart.o
#        C:\dev\ChristmasLights\stm32_controller\target\IAR8.x\Debug\Obj\stm32f7xx_hal_wwdg.o
#        C:\dev\ChristmasLights\stm32_controller\target\IAR8.x\Debug\Obj\stm32f7xx_ll_fmc.o
#        C:\dev\ChristmasLights\stm32_controller\target\IAR8.x\Debug\Obj\stm32f7xx_ll_sdmmc.o
#        C:\dev\ChristmasLights\stm32_controller\target\IAR8.x\Debug\Obj\stm32f7xx_ll_usb.o
#        C:\dev\ChristmasLights\stm32_controller\target\IAR8.x\Debug\Obj\system_stm32f7xx.o
#        C:\dev\ChristmasLights\stm32_controller\target\IAR8.x\Debug\Obj\Table_verdana_10_4bpp.o
#        C:\dev\ChristmasLights\stm32_controller\target\IAR8.x\Debug\Obj\Table_verdana_20_4bpp.o
#        C:\dev\ChristmasLights\stm32_controller\target\IAR8.x\Debug\Obj\Table_verdana_40_4bpp.o
#        C:\dev\ChristmasLights\stm32_controller\target\IAR8.x\Debug\Obj\tasks.o
#        C:\dev\ChristmasLights\stm32_controller\target\IAR8.x\Debug\Obj\Texts.o
#        C:\dev\ChristmasLights\stm32_controller\target\IAR8.x\Debug\Obj\timers.o
#        C:\dev\ChristmasLights\stm32_controller\target\IAR8.x\Debug\Obj\TypedTextDatabase.o
#        --no_out_extension -o
#        C:\dev\ChristmasLights\stm32_controller\target\IAR8.x\Debug\Exe\application.out
#        --redirect _Printf=_PrintfFullNoMb --redirect _Scanf=_ScanfFullNoMb
#        --map
#        C:\dev\ChristmasLights\stm32_controller\target\IAR8.x\Debug\List\application.map
#        --config
#        C:\dev\ChristmasLights\stm32_controller\target\IAR8.x\application.icf
#        --semihosting
#        C:\dev\ChristmasLights\stm32_controller\target\IAR8.x\..\..\touchgfx\lib\core\cortex_m7\IAR8.x\touchgfx_core.a
#        --entry __iar_program_start --vfe --text_out locale)
#
###############################################################################

*******************************************************************************
*** RUNTIME MODEL ATTRIBUTES
***

CppFlavor                     = *
__CPP_Exceptions              = Disabled
__CPP_Language                = C++14
__Heap_Handler                = Basic
__SystemLibrary               = DLib
__dlib_dynamic_initialization = normal
__dlib_version                = 6


*******************************************************************************
*** HEAP SELECTION
***

The basic heap was selected because no calls to memory allocation
functions were found in the application outside of system library
functions, and there are calls to deallocation functions in the
application.


*******************************************************************************
*** PLACEMENT SUMMARY
***

"A0":  place at 0x800'0000 { ro section .intvec };
"P1":  place in [from 0x800'0000 to 0x80f'ffff] { ro };
define block CSTACK with size = 1K, alignment = 8 { };
define block HEAP with size = 256, alignment = 8 { };
"P2":  place in [from 0x2000'0000 to 0x2004'ffff] {
          rw, block CSTACK, block HEAP };
"P3":  place in [from 0x9000'0000 to 0x90ff'ffff] { section ExtFlashSection };
initialize by copy { rw };

  Section                Kind         Address      Size  Object
  -------                ----         -------      ----  ------
"A0":                                             0x1c8
  .intvec                ro code   0x800'0000     0x1c8  startup_stm32f746xx.o [1]
                                 - 0x800'01c8     0x1c8

"P1":                                            0xfd86
  FontFlashSection       const     0x800'01c8    0x142c  Font_verdana_40_4bpp.o [1]
  .text                  ro code   0x800'15f4    0x13fc  LCD16bpp.o [7]
  .text                  ro code   0x800'29f0      0xa6  ABImemcpy.o [5]
  .text                  ro code   0x800'2a96      0x7a  lz77_init_single.o [5]
  .text                  ro code   0x800'2b10      0xe8  DisplayTransformation.o [7]
  .text                  ro code   0x800'2bf8     0xb48  LCD.o [7]
  .text                  ro code   0x800'3740      0x14  DisplayTransformation.o [7]
  .text                  ro code   0x800'3754     0x134  TextProvider.o [7]
  .text                  ro code   0x800'3888      0x86  LCD.o [7]
  .text                  ro code   0x800'390e      0x3a  zero_init3.o [5]
  .text                  ro code   0x800'3948     0x450  TextureMapTypes.o [7]
  .text                  ro code   0x800'3d98      0x84  LCD.o [7]
  .text                  ro code   0x800'3e1c      0x7a  TextureMapTypes.o [7]
  .text                  ro code   0x800'3e96      0x24  TextureMapTypes.o [7]
  .text                  ro code   0x800'3eba      0x1a  ConstFont.o [7]
  .text                  ro code   0x800'3ed4      0x54  TextureMapTypes.o [7]
  .text                  ro code   0x800'3f28      0x24  ABIassert.o [6]
  .text                  ro code   0x800'3f4c       0x6  abort.o [2]
  .text                  ro code   0x800'3f52      0x12  Screen1ViewBase.o [1]
  .text                  ro code   0x800'3f64      0x14  exit.o [6]
  .text                  ro code   0x800'3f78    0x11ac  Application.o [7]
  .text                  ro code   0x800'5124      0x6a  Application.o [7]
  .text                  ro code   0x800'518e      0x16  Application.o [7]
  .text                  ro code   0x800'51a4      0x32  cxxabi.o [3]
  .text                  ro code   0x800'51d6      0x12  Screen1ViewBase.o [1]
  .text                  ro code   0x800'51e8       0x6  ABImemclr4.o [5]
  .text                  ro code   0x800'51ee      0x50  Application.o [7]
  .text                  ro code   0x800'523e      0x8c  Application.o [7]
  .text                  ro code   0x800'52ca       0xa  ConstFont.o [7]
  .text                  ro code   0x800'52d4      0x4c  Application.o [7]
  .text                  ro code   0x800'5320      0x1c  Application.o [7]
  .text                  ro code   0x800'533c      0x44  Screen.o [7]
  .text                  ro code   0x800'5380      0xa0  cppinit.o [2]
  .text                  ro code   0x800'5420      0x3a  ABImemset48.o [5]
  .text                  ro code   0x800'545a       0x6  BoardConfiguration.o [1]
  .text                  ro code   0x800'5460     0x844  tasks.o [1]
  .text                  ro code   0x800'5ca4      0xf4  heap_2.o [1]
  .text                  ro code   0x800'5d98      0x98  list.o [1]
  .text                  ro code   0x800'5e30     0x1e0  port.o [1]
  .text                  ro code   0x800'6010     0x104  OSWrappers.o [1]
  .text                  ro code   0x800'6114      0x68  memcmp.o [5]
  CODE                   ro code   0x800'617c      0xac  portasm.o [1]
  .text                  ro code   0x800'6228     0x5f8  queue.o [1]
  .text                  ro code   0x800'6820     0x4f8  HAL.o [7]
  .text                  ro code   0x800'6d18      0x48  GPIO.o [1]
  .text                  ro code   0x800'6d60     0x160  Gestures.o [7]
  .text                  ro code   0x800'6ec0     0x28c  DMA.o [7]
  .text                  ro code   0x800'714c      0x28  HAL.o [7]
  .text                  ro code   0x800'7174      0xfc  TouchCalibration.o [7]
  .text                  ro code   0x800'7270     0x270  stm32746g_discovery.o [1]
  .text                  ro code   0x800'74e0       0xc  memcpy.o [5]
  .text                  ro code   0x800'74ec     0x21c  stm32f7xx_hal_gpio.o [1]
  .text                  ro code   0x800'7708     0x124  stm32f7xx_hal_cortex.o [1]
  .text                  ro code   0x800'782c     0x6b2  stm32f7xx_hal_i2c.o [1]
  .text                  ro code   0x800'7ede      0x18  stm32f7xx_hal.o [1]
  .text                  ro code   0x800'7ef6       0x2  stm32f7xx_hal_i2c.o [1]
  .text                  ro code   0x800'7ef8       0xc  stm32f7xx_hal.o [1]
  .text                  ro code   0x800'7f04     0x65c  stm32f7xx_hal_qspi.o [1]
  .text                  ro code   0x800'8560       0x2  stm32f7xx_hal_qspi.o [1]
  .text                  ro code   0x800'8562       0x6  FrontendApplicationBase.o [1]
  .text                  ro code   0x800'8568     0x238  stm32f7xx_hal_dma.o [1]
  .text                  ro code   0x800'87a0     0x63c  Screen.o [7]
  .text                  ro code   0x800'8ddc      0x34  Screen.o [7]
  .text                  ro code   0x800'8e10      0x26  Screen1ViewBase.o [1]
  .text                  ro code   0x800'8e36       0x6  STM32F7DMA.o [1]
  .text                  ro code   0x800'8e3c     0x264  Container.o [7]
  .text                  ro code   0x800'90a0      0x3e  Screen.o [7]
  .text                  ro code   0x800'90de      0x28  Screen.o [7]
  .text                  ro code   0x800'9106      0x28  Screen.o [7]
  .text                  ro code   0x800'912e     0x106  Drawable.o [7]
  .text                  ro code   0x800'9234      0x20  Screen.o [7]
  .text                  ro code   0x800'9254      0x1c  Screen.o [7]
  .text                  ro code   0x800'9270     0x5e4  Unicode.o [7]
  .text                  ro code   0x800'9854      0x46  Utils.o [7]
  .text                  ro code   0x800'989a       0x6  STM32F7DMA.o [1]
  .text                  ro code   0x800'98a0      0x66  ABImemset.o [5]
  .text                  ro code   0x800'9906       0x6  STM32F7DMA.o [1]
  .text                  ro code   0x800'990c     0x438  Bitmap.o [7]
  .text                  ro code   0x800'9d44     0x4dc  STM32F7DMA.o [1]
  .text                  ro code   0x800'a220     0x2f8  stm32f7xx_hal_dma2d.o [1]
  .text                  ro code   0x800'a518       0x2  stm32f7xx_hal_dma2d.o [1]
  .text                  ro code   0x800'a51a       0x2  FrontendApplicationBase.o [1]
  FontFlashSection       const     0x800'a51c     0x4d8  Font_verdana_20_4bpp.o [1]
  .text                  ro code   0x800'a9f4     0x494  stm32f7xx_hal_rcc_ex.o [1]
  .text                  ro code   0x800'ae88     0x48c  stm32f7xx_hal_rcc.o [1]
  .text                  ro code   0x800'b314      0x2c  stm32f7xx_hal.o [1]
  .text                  ro code   0x800'b340     0x486  ScalableImage.o [7]
  .text                  ro code   0x800'b7c6       0x2  FrontendApplicationBase.o [1]
  .text                  ro code   0x800'b7c8     0x340  TextArea.o [7]
  .text                  ro code   0x800'bb08      0x5c  Screen1ViewBase.o [1]
  .text                  ro code   0x800'bb64      0x48  Screen1ViewBase.o [1]
  .text                  ro code   0x800'bbac      0x36  Screen1ViewBase.o [1]
  .text                  ro code   0x800'bbe2       0x2  FrontendApplicationBase.o [1]
  .text                  ro code   0x800'bbe4     0x32c  stm32746g_discovery_qspi.o [1]
  .text                  ro code   0x800'bf10     0x2dc  ft5336.o [1]
  .text                  ro code   0x800'c1ec     0x288  BoardConfiguration.o [1]
  .text                  ro code   0x800'c474      0x10  stm32f7xx_hal.o [1]
  .text                  ro code   0x800'c484      0x24  stm32f7xx_hal.o [1]
  .text                  ro code   0x800'c4a8     0x278  stm32746g_discovery_sdram.o [1]
  .text                  ro code   0x800'c720     0x250  stm32746g_discovery_lcd.o [1]
  .text                  ro code   0x800'c970     0x24a  stm32f7xx_hal_ltdc.o [1]
  .text                  ro code   0x800'cbba       0x2  FrontendApplicationBase.o [1]
  .text                  ro code   0x800'cbbc      0x88  BoardConfiguration.o [1]
  .text                  ro code   0x800'cc44      0x76  STM32F7Instrumentation.o [1]
  .text                  ro code   0x800'ccba       0x2  FrontendApplicationBase.o [1]
  .text                  ro code   0x800'ccbc      0x6c  stm32f7xx_hal_pwr_ex.o [1]
  .text                  ro code   0x800'cd28       0x2  stm32f7xx_hal_msp_template.o [1]
  .text                  ro code   0x800'cd2a       0x2  Screen1Presenter.o [1]
  .text                  ro code   0x800'cd2c      0x90  stm32f7xx_hal_sdram.o [1]
  .text                  ro code   0x800'cdbc      0x20  stm32746g_discovery_lcd.o [1]
  .text                  ro code   0x800'cddc      0x34  BoardConfiguration.o [1]
  .text                  ro code   0x800'ce10      0x30  BitmapDatabase.o [1]
  .text                  ro code   0x800'ce40      0x54  Texts.o [1]
  .text                  ro code   0x800'ce94       0xc  FontManager.o [7]
  .text                  ro code   0x800'cea0      0x84  BoardConfiguration.o [1]
  .text                  ro code   0x800'cf24     0x10e  stm32f7xx_hal_tim.o [1]
  .text                  ro code   0x800'd032       0x2  Screen1Presenter.o [1]
  .text                  ro code   0x800'd034     0x152  stm32f7xx_ll_fmc.o [1]
  .text                  ro code   0x800'd186       0x2  Screen1Presenter.o [1]
  .text                  ro code   0x800'd188      0x9c  BoardConfiguration.o [1]
  .text                  ro code   0x800'd224      0x30  TypedTextDatabase.o [1]
  .text                  ro code   0x800'd254       0xa  AbstractPartition.o [7]
  .text                  ro code   0x800'd25e       0x2  Screen1Presenter.o [1]
  .text                  ro code   0x800'd260      0x14  FrontendApplication.o [1]
  .text                  ro code   0x800'd274       0xa  Model.o [1]
  .text                  ro code   0x800'd27e       0x2  Screen1ViewBase.o [1]
  .text                  ro code   0x800'd280      0xb0  FrontendApplicationBase.o [1]
  .text                  ro code   0x800'd330      0xe4  FontGetters.o [1]
  .text                  ro code   0x800'd414     0x154  FrontendApplicationBase.o [1]
  .text                  ro code   0x800'd568      0x96  InternalFlashFont.o [7]
  .text                  ro code   0x800'd5fe       0x2  Screen1ViewBase.o [1]
  .text                  ro code   0x800'd600     0x13c  Screen1View.o [1]
  .text                  ro code   0x800'd73c      0x34  Screen1Presenter.o [1]
  .text                  ro code   0x800'd770      0xbe  ConstFont.o [7]
  .text                  ro code   0x800'd82e       0x2  Screen1ViewBase.o [1]
  .text                  ro code   0x800'd830     0x118  Screen1ViewBase.o [1]
  .text                  ro code   0x800'd948      0x22  S32ToDbl.o [4]
  .text                  ro code   0x800'd96a       0x2  Screen1ViewBase.o [1]
  .text                  ro code   0x800'd96c     0x102  sqrt.o [4]
  .text                  ro code   0x800'da6e       0x2  Screen1ViewBase.o [1]
  .text                  ro code   0x800'da70      0x3a  DblToS32.o [4]
  .text                  ro code   0x800'daaa       0x2  Screen1ViewBase.o [1]
  .text                  ro code   0x800'daac      0x48  atanf.o [4]
  .text                  ro code   0x800'daf4      0x1a  Screen1ViewBase.o [1]
  .text                  ro code   0x800'db0e       0x2  Screen1ViewBase.o [1]
  .text                  ro code   0x800'db10      0x24  Screen1ViewBase.o [1]
  .text                  ro code   0x800'db34      0x40  Screen1ViewBase.o [1]
  .text                  ro code   0x800'db74      0x20  Screen1ViewBase.o [1]
  .text                  ro code   0x800'db94     0x138  Color.o [7]
  .text                  ro code   0x800'dccc      0xa4  xatanf.o [4]
  .text                  ro code   0x800'dd70      0x2a  Screen1ViewBase.o [1]
  .text                  ro code   0x800'dd9a       0x2  Screen1ViewBase.o [1]
  .text                  ro code   0x800'dd9c     0x228  stm32746g_discovery_ts.o [1]
  FontFlashSection       const     0x800'dfc4     0x180  Font_verdana_10_4bpp.o [1]
  .text                  ro code   0x800'e144     0x16c  STM32F7HAL.o [1]
  .text                  ro code   0x800'e2b0     0x118  Screen1ViewBase.o [1]
  .text                  ro code   0x800'e3c8     0x100  TextAreaWithWildcard.o [7]
  FontFlashSection       const     0x800'e4c8      0xf0  Table_verdana_10_4bpp.o [1]
  FontFlashSection       const     0x800'e5b8      0xf0  Table_verdana_20_4bpp.o [1]
  FontFlashSection       const     0x800'e6a8      0xf0  Table_verdana_40_4bpp.o [1]
  .text                  ro code   0x800'e798      0xe8  Screen1ViewBase.o [1]
  .text                  ro code   0x800'e880      0xa8  Font.o [7]
  .rodata                const     0x800'e928      0xa4  FrontendApplicationBase.o [1]
  .rodata                const     0x800'e9cc      0xa4  FrontendApplicationBase.o [1]
  .rodata                const     0x800'ea70      0xa4  STM32F7HAL.o [1]
  .text                  ro code   0x800'eb14      0xa4  STM32F7HAL.o [1]
  .rodata                const     0x800'ebb8      0x90  FrontendApplicationBase.o [1]
  .rodata                const     0x800'ec48      0x90  Container.o [7]
  .rodata                const     0x800'ecd8      0x90  TextureMapTypes.o [7]
  .rodata                const     0x800'ed68      0x88  Application.o [7]
  .rodata                const     0x800'edf0      0x80  Screen1ViewBase.o [1]
  .rodata                const     0x800'ee70      0x80  ScalableImage.o [7]
  .rodata                const     0x800'eef0      0x7c  Screen1ViewBase.o [1]
  .rodata                const     0x800'ef6c      0x7c  Screen1ViewBase.o [1]
  .rodata                const     0x800'efe8      0x7c  TextArea.o [7]
  .rodata                const     0x800'f064      0x70  FrontendApplicationBase.o [1]
  .rodata                const     0x800'f0d4      0x70  Screen1ViewBase.o [1]
  .rodata                const     0x800'f144      0x6c  STM32F7HAL.o [1]
  .rodata                const     0x800'f1b0      0x6c  Box.o [7]
  .text                  ro code   0x800'f21c      0x6c  Screen1ViewBase.o [1]
  .text                  ro code   0x800'f288      0x64  STM32F7HAL.o [1]
  .text                  ro code   0x800'f2ec      0x64  system_stm32f7xx.o [1]
  .text                  ro code   0x800'f350      0x60  Box.o [7]
  .rodata                const     0x800'f3b0      0x54  Screen1ViewBase.o [1]
  .rodata                const     0x800'f404      0x50  STM32F7DMA.o [1]
  .text                  ro code   0x800'f454      0x4e  STM32F746GTouchController.o [1]
  .text                  ro code   0x800'f4a2       0x2  Screen1ViewBase.o [1]
  .rodata                const     0x800'f4a4      0x4c  InternalFlashFont.o [7]
  .text                  ro code   0x800'f4f0      0x48  main.o [1]
  .rodata                const     0x800'f538      0x44  Screen1ViewBase.o [1]
  .rodata                const     0x800'f57c      0x3c  FrontendApplication.o [1]
  .rodata                const     0x800'f5b8      0x3c  FrontendApplicationBase.o [1]
  .rodata                const     0x800'f5f4      0x3c  FrontendApplicationBase.o [1]
  .rodata                const     0x800'f630      0x3c  Application.o [7]
  .rodata                const     0x800'f66c      0x34  BoardConfiguration.o [1]
  .rodata                const     0x800'f6a0      0x34  BoardConfiguration.o [1]
  .rodata                const     0x800'f6d4      0x34  BoardConfiguration.o [1]
  .rodata                const     0x800'f708      0x34  Screen1View.o [1]
  .rodata                const     0x800'f73c      0x34  Screen1ViewBase.o [1]
  .rodata                const     0x800'f770      0x34  Screen1ViewBase.o [1]
  .rodata                const     0x800'f7a4      0x34  LCD16bpp.o [7]
  .rodata                const     0x800'f7d8      0x34  Screen.o [7]
  .rodata                const     0x800'f80c      0x28  Screen1Presenter.o [1]
  .rodata                const     0x800'f834      0x28  STM32F7Instrumentation.o [1]
  .rodata                const     0x800'f85c      0x28  Application.o [7]
  .text                  ro code   0x800'f884      0x28  data_init.o [5]
  .rodata                const     0x800'f8ac      0x24  DMA.o [7]
  .text                  ro code   0x800'f8d0      0x24  FrontendApplicationBase.o [1]
  .text                  ro code   0x800'f8f4      0x22  fpinit_M.o [4]
  .iar.init_table        const     0x800'f918      0x24  - Linker created -
  .text                  ro code   0x800'f93c       0x2  Screen1ViewBase.o [1]
  .rodata                const     0x800'f940      0x20  FrontendApplicationBase.o [1]
  .rodata                const     0x800'f960      0x20  FrontendApplicationBase.o [1]
  .rodata                const     0x800'f980      0x20  STM32F7HAL.o [1]
  .text                  ro code   0x800'f9a0      0x20  BoardConfiguration.o [1]
  .text                  ro code   0x800'f9c0      0x20  FrontendApplicationBase.o [1]
  .text                  ro code   0x800'f9e0      0x20  Screen1View.o [1]
  .text                  ro code   0x800'fa00      0x20  Screen1View.o [1]
  .text                  ro code   0x800'fa20      0x20  Screen1ViewBase.o [1]
  .text                  ro code   0x800'fa40      0x20  Screen1ViewBase.o [1]
  .text                  ro code   0x800'fa60      0x20  cmain_call_ctors.o [5]
  .text                  ro code   0x800'fa80      0x1e  cmain.o [5]
  .text                  ro code   0x800'fa9e       0x4  low_level_init.o [2]
  .text                  ro code   0x800'faa2       0x4  exit.o [2]
  .text                  ro code   0x800'faa6       0x2  Application.o [7]
  .text                  ro code   0x800'faa8       0xe  cexit.o [5]
  .text                  ro code   0x800'fab6      0x1c  Screen1View.o [1]
  .text                  ro code   0x800'fad2       0x2  Application.o [7]
  .rodata                const     0x800'fad4      0x18  FrontendApplicationBase.o [1]
  .rodata                const     0x800'faec      0x18  Screen1Presenter.o [1]
  .rodata                const     0x800'fb04      0x18  Screen1View.o [1]
  .rodata                const     0x800'fb1c      0x18  STM32F746GTouchController.o [1]
  .text                  ro code   0x800'fb34      0x18  FrontendApplicationBase.o [1]
  .text                  ro code   0x800'fb4c      0x16  FrontendApplication.o [1]
  .text                  ro code   0x800'fb62       0x2  Application.o [7]
  .rodata                const     0x800'fb64      0x14  ApplicationFontProvider.o [1]
  .rodata                const     0x800'fb78      0x14  BoardConfiguration.o [1]
  .rodata                const     0x800'fb8c      0x14  BoardConfiguration.o [1]
  .rodata                const     0x800'fba0      0x14  Gestures.o [7]
  .rodata                const     0x800'fbb4      0x14  Gestures.o [7]
  .rodata                const     0x800'fbc8      0x14  Gestures.o [7]
  .text                  ro code   0x800'fbdc      0x14  Screen1ViewBase.o [1]
  .text                  ro code   0x800'fbf0      0x14  STM32F7HAL.o [1]
  .rodata                const     0x800'fc04      0x10  BoardConfiguration.o [1]
  .rodata                const     0x800'fc14      0x10  Screen1Presenter.o [1]
  .text                  ro code   0x800'fc24      0x10  startup_stm32f746xx.o [1]
  .text                  ro code   0x800'fc34       0xc  BoardConfiguration.o [1]
  .text                  ro code   0x800'fc40       0xc  BoardConfiguration.o [1]
  .text                  ro code   0x800'fc4c       0xc  STM32F7HAL.o [1]
  .text                  ro code   0x800'fc58       0xc  Application.o [7]
  .text                  ro code   0x800'fc64       0xc  cstartup_M.o [5]
  SHT$$PREINIT_ARRAY               0x800'fc70       0x0  <Block>
  SHT$$INIT_ARRAY                  0x800'fc70       0xc  <Block>
    .init_array          const     0x800'fc70       0x4  BoardConfiguration.o [1]
    .init_array          const     0x800'fc74       0x4  Texts.o [1]
    .init_array          const     0x800'fc78       0x4  TypedTextDatabase.o [1]
  __iar_tls$$INIT_ARRAY            0x800'fc7c       0x0  <Block>
  .rodata                const     0x800'fc7c       0x8  Application.o [7]
  .rodata                const     0x800'fc84       0x8  TextureMapTypes.o [7]
  .text                  ro code   0x800'fc8c       0x8  BoardConfiguration.o [1]
  .text                  ro code   0x800'fc94       0x8  STM32F7HAL.o [1]
  .text                  ro code   0x800'fc9c       0x4  BoardConfiguration.o [1]
  .text                  ro code   0x800'fca0       0x4  BoardConfiguration.o [1]
  .text                  ro code   0x800'fca4       0x4  FrontendApplicationBase.o [1]
  .text                  ro code   0x800'fca8       0x4  Screen1ViewBase.o [1]
  .text                  ro code   0x800'fcac       0x4  Screen1ViewBase.o [1]
  .text                  ro code   0x800'fcb0       0x4  Screen1ViewBase.o [1]
  .text                  ro code   0x800'fcb4       0x4  Screen1ViewBase.o [1]
  .text                  ro code   0x800'fcb8       0x4  startup_stm32f746xx.o [1]
  .text                  ro code   0x800'fcbc       0x4  startup_stm32f746xx.o [1]
  .text                  ro code   0x800'fcc0       0x4  startup_stm32f746xx.o [1]
  .text                  ro code   0x800'fcc4       0x4  startup_stm32f746xx.o [1]
  .text                  ro code   0x800'fcc8       0x4  startup_stm32f746xx.o [1]
  .text                  ro code   0x800'fccc       0x4  startup_stm32f746xx.o [1]
  .text                  ro code   0x800'fcd0       0x4  startup_stm32f746xx.o [1]
  .text                  ro code   0x800'fcd4       0x4  startup_stm32f746xx.o [1]
  .text                  ro code   0x800'fcd8       0x4  startup_stm32f746xx.o [1]
  .text                  ro code   0x800'fcdc       0x4  startup_stm32f746xx.o [1]
  .text                  ro code   0x800'fce0       0x4  startup_stm32f746xx.o [1]
  .text                  ro code   0x800'fce4       0x4  startup_stm32f746xx.o [1]
  .text                  ro code   0x800'fce8       0x4  startup_stm32f746xx.o [1]
  .text                  ro code   0x800'fcec       0x4  startup_stm32f746xx.o [1]
  .text                  ro code   0x800'fcf0       0x4  startup_stm32f746xx.o [1]
  .text                  ro code   0x800'fcf4       0x4  startup_stm32f746xx.o [1]
  .text                  ro code   0x800'fcf8       0x4  startup_stm32f746xx.o [1]
  .text                  ro code   0x800'fcfc       0x4  startup_stm32f746xx.o [1]
  .text                  ro code   0x800'fd00       0x4  startup_stm32f746xx.o [1]
  .text                  ro code   0x800'fd04       0x4  startup_stm32f746xx.o [1]
  .text                  ro code   0x800'fd08       0x4  startup_stm32f746xx.o [1]
  .text                  ro code   0x800'fd0c       0x4  startup_stm32f746xx.o [1]
  .text                  ro code   0x800'fd10       0x4  startup_stm32f746xx.o [1]
  .text                  ro code   0x800'fd14       0x4  startup_stm32f746xx.o [1]
  .text                  ro code   0x800'fd18       0x4  startup_stm32f746xx.o [1]
  .text                  ro code   0x800'fd1c       0x4  startup_stm32f746xx.o [1]
  .text                  ro code   0x800'fd20       0x4  startup_stm32f746xx.o [1]
  .text                  ro code   0x800'fd24       0x4  startup_stm32f746xx.o [1]
  .text                  ro code   0x800'fd28       0x4  startup_stm32f746xx.o [1]
  .text                  ro code   0x800'fd2c       0x4  startup_stm32f746xx.o [1]
  .text                  ro code   0x800'fd30       0x4  startup_stm32f746xx.o [1]
  .text                  ro code   0x800'fd34       0x4  startup_stm32f746xx.o [1]
  .text                  ro code   0x800'fd38       0x4  startup_stm32f746xx.o [1]
  .text                  ro code   0x800'fd3c       0x4  startup_stm32f746xx.o [1]
  .text                  ro code   0x800'fd40       0x4  startup_stm32f746xx.o [1]
  .text                  ro code   0x800'fd44       0x4  startup_stm32f746xx.o [1]
  .text                  ro code   0x800'fd48       0x4  startup_stm32f746xx.o [1]
  .text                  ro code   0x800'fd4c       0x4  startup_stm32f746xx.o [1]
  .text                  ro code   0x800'fd50       0x4  startup_stm32f746xx.o [1]
  .text                  ro code   0x800'fd54       0x4  startup_stm32f746xx.o [1]
  .text                  ro code   0x800'fd58       0x4  startup_stm32f746xx.o [1]
  .text                  ro code   0x800'fd5c       0x4  startup_stm32f746xx.o [1]
  .text                  ro code   0x800'fd60       0x4  startup_stm32f746xx.o [1]
  .text                  ro code   0x800'fd64       0x4  startup_stm32f746xx.o [1]
  .text                  ro code   0x800'fd68       0x4  startup_stm32f746xx.o [1]
  .text                  ro code   0x800'fd6c       0x4  startup_stm32f746xx.o [1]
  .text                  ro code   0x800'fd70       0x4  startup_stm32f746xx.o [1]
  .text                  ro code   0x800'fd74       0x4  startup_stm32f746xx.o [1]
  .text                  ro code   0x800'fd78       0x4  startup_stm32f746xx.o [1]
  .text                  ro code   0x800'fd7c       0x4  startup_stm32f746xx.o [1]
  .text                  ro code   0x800'fd80       0x4  startup_stm32f746xx.o [1]
  .text                  ro code   0x800'fd84       0x4  startup_stm32f746xx.o [1]
  .text                  ro code   0x800'fd88       0x4  startup_stm32f746xx.o [1]
  .text                  ro code   0x800'fd8c       0x4  startup_stm32f746xx.o [1]
  .text                  ro code   0x800'fd90       0x4  startup_stm32f746xx.o [1]
  .text                  ro code   0x800'fd94       0x4  startup_stm32f746xx.o [1]
  .text                  ro code   0x800'fd98       0x4  startup_stm32f746xx.o [1]
  .text                  ro code   0x800'fd9c       0x4  startup_stm32f746xx.o [1]
  .text                  ro code   0x800'fda0       0x4  startup_stm32f746xx.o [1]
  .text                  ro code   0x800'fda4       0x4  startup_stm32f746xx.o [1]
  .text                  ro code   0x800'fda8       0x4  startup_stm32f746xx.o [1]
  .text                  ro code   0x800'fdac       0x4  startup_stm32f746xx.o [1]
  .text                  ro code   0x800'fdb0       0x4  startup_stm32f746xx.o [1]
  .text                  ro code   0x800'fdb4       0x4  startup_stm32f746xx.o [1]
  .text                  ro code   0x800'fdb8       0x4  startup_stm32f746xx.o [1]
  .text                  ro code   0x800'fdbc       0x4  startup_stm32f746xx.o [1]
  .text                  ro code   0x800'fdc0       0x4  startup_stm32f746xx.o [1]
  .text                  ro code   0x800'fdc4       0x4  startup_stm32f746xx.o [1]
  .text                  ro code   0x800'fdc8       0x4  startup_stm32f746xx.o [1]
  .text                  ro code   0x800'fdcc       0x4  startup_stm32f746xx.o [1]
  .text                  ro code   0x800'fdd0       0x4  startup_stm32f746xx.o [1]
  .text                  ro code   0x800'fdd4       0x4  startup_stm32f746xx.o [1]
  .text                  ro code   0x800'fdd8       0x4  startup_stm32f746xx.o [1]
  .text                  ro code   0x800'fddc       0x4  startup_stm32f746xx.o [1]
  .text                  ro code   0x800'fde0       0x4  startup_stm32f746xx.o [1]
  .text                  ro code   0x800'fde4       0x4  startup_stm32f746xx.o [1]
  .text                  ro code   0x800'fde8       0x4  startup_stm32f746xx.o [1]
  .text                  ro code   0x800'fdec       0x4  startup_stm32f746xx.o [1]
  .text                  ro code   0x800'fdf0       0x4  startup_stm32f746xx.o [1]
  .text                  ro code   0x800'fdf4       0x4  startup_stm32f746xx.o [1]
  .text                  ro code   0x800'fdf8       0x4  startup_stm32f746xx.o [1]
  .text                  ro code   0x800'fdfc       0x4  startup_stm32f746xx.o [1]
  .text                  ro code   0x800'fe00       0x4  startup_stm32f746xx.o [1]
  .text                  ro code   0x800'fe04       0x4  startup_stm32f746xx.o [1]
  .text                  ro code   0x800'fe08       0x4  startup_stm32f746xx.o [1]
  .text                  ro code   0x800'fe0c       0x4  startup_stm32f746xx.o [1]
  .text                  ro code   0x800'fe10       0x4  startup_stm32f746xx.o [1]
  .text                  ro code   0x800'fe14       0x4  startup_stm32f746xx.o [1]
  .text                  ro code   0x800'fe18       0x4  startup_stm32f746xx.o [1]
  .text                  ro code   0x800'fe1c       0x4  startup_stm32f746xx.o [1]
  .text                  ro code   0x800'fe20       0x4  startup_stm32f746xx.o [1]
  .text                  ro code   0x800'fe24       0x4  startup_stm32f746xx.o [1]
  .text                  ro code   0x800'fe28       0x4  startup_stm32f746xx.o [1]
  .text                  ro code   0x800'fe2c       0x4  startup_stm32f746xx.o [1]
  .text                  ro code   0x800'fe30       0x4  startup_stm32f746xx.o [1]
  .text                  ro code   0x800'fe34       0x4  startup_stm32f746xx.o [1]
  .text                  ro code   0x800'fe38       0x4  startup_stm32f746xx.o [1]
  .text                  ro code   0x800'fe3c       0x4  startup_stm32f746xx.o [1]
  .text                  ro code   0x800'fe40       0x4  startup_stm32f746xx.o [1]
  .text                  ro code   0x800'fe44       0x4  startup_stm32f746xx.o [1]
  .text                  ro code   0x800'fe48       0x4  startup_stm32f746xx.o [1]
  .text                  ro code   0x800'fe4c       0x4  STM32F7Instrumentation.o [1]
  .text                  ro code   0x800'fe50       0x4  STM32F7Instrumentation.o [1]
  .text                  ro code   0x800'fe54       0x4  LCD16bpp.o [7]
  .text                  ro code   0x800'fe58       0x4  ConstFont.o [7]
  .text                  ro code   0x800'fe5c       0x4  ConstFont.o [7]
  .text                  ro code   0x800'fe60       0x4  ConstFont.o [7]
  .text                  ro code   0x800'fe64       0x4  ConstFont.o [7]
  FontFlashSection       const     0x800'fe68       0x4  Kerning_verdana_10_4bpp.o [1]
  FontFlashSection       const     0x800'fe6c       0x4  Kerning_verdana_20_4bpp.o [1]
  FontFlashSection       const     0x800'fe70       0x4  Kerning_verdana_40_4bpp.o [1]
  TextFlashSection       const     0x800'fe74       0x4  LanguageEng.o [1]
  TextFlashSection       const     0x800'fe78       0x4  LanguageEng.o [1]
  TextFlashSection       const     0x800'fe7c       0x4  Texts.o [1]
  TextFlashSection       const     0x800'fe80       0x4  TypedTextDatabase.o [1]
  .text                  ro code   0x800'fe84       0x2  Application.o [7]
  .text                  ro code   0x800'fe86       0x2  Application.o [7]
  .text                  ro code   0x800'fe88       0x2  Screen.o [7]
  TextFlashSection       const     0x800'fe8a       0x2  TypedTextDatabase.o [1]
  .rodata                const     0x800'fe8c       0x1  unwind_debug.o [6]
  .text                  ro code   0x800'fe90       0x0  cstart_call_dtors.o [5]
  .rodata                const     0x800'fe90       0x0  zero_init3.o [5]
  .rodata                const     0x800'fe90       0x0  lz77_init_single.o [5]
  Initializer bytes      const     0x800'fe90      0xbe  <for P2-1>
                                 - 0x800'ff4e    0xfd86

"P2", part 1 of 3:                               0x2170
  P2-1                            0x2000'0000    0x2170  <Init block>
    .data                inited   0x2000'0000       0x8  BoardConfiguration.o [1]
    .data                inited   0x2000'0008     0xac4  BoardConfiguration.o [1]
    .data                inited   0x2000'0acc      0x28  ft5336.o [1]
    .data                inited   0x2000'0af4    0x1594  heap_2.o [1]
    .data                inited   0x2000'2088       0x9  OSWrappers.o [1]
    .data                inited   0x2000'2094       0xc  port.o [1]
    .data                inited   0x2000'20a0      0x64  stm32746g_discovery_sdram.o [1]
    .data                inited   0x2000'2104       0x4  system_stm32f7xx.o [1]
    .data                inited   0x2000'2108      0x58  tasks.o [1]
    .data                inited   0x2000'2160       0x8  Texts.o [1]
    .data                inited   0x2000'2168       0x8  Texts.o [1]
                                - 0x2000'2170    0x2170

"P2", part 2 of 3:                                0x860
  .bss                   zero     0x2000'2170     0x2c8  BoardConfiguration.o [1]
  .bss                   zero     0x2000'2438      0xa8  stm32746g_discovery_lcd.o [1]
  .bss                   zero     0x2000'24e0      0xa8  tasks.o [1]
  .bss                   zero     0x2000'2588      0x84  stm32746g_discovery_lcd.o [1]
  .bss                   zero     0x2000'260c      0x6c  BoardConfiguration.o [1]
  .bss                   zero     0x2000'2678      0x60  stm32746g_discovery_sdram.o [1]
  .bss                   zero     0x2000'26d8      0x54  stm32746g_discovery_lcd.o [1]
  .bss                   zero     0x2000'272c      0x4c  stm32746g_discovery.o [1]
  .bss                   zero     0x2000'2778      0x4c  TouchCalibration.o [7]
  .bss                   zero     0x2000'27c4      0x44  stm32746g_discovery_qspi.o [1]
  .bss                   zero     0x2000'2808      0x40  STM32F7DMA.o [1]
  .bss                   zero     0x2000'2848      0x3c  STM32F7Instrumentation.o [1]
  .bss                   zero     0x2000'2884      0x34  stm32746g_discovery_ts.o [1]
  .bss                   zero     0x2000'28b8      0x24  FontGetters.o [1]
  .bss                   zero     0x2000'28dc      0x24  FontGetters.o [1]
  .bss                   zero     0x2000'2900      0x24  FontGetters.o [1]
  .bss                   zero     0x2000'2924      0x24  Bitmap.o [7]
  .bss                   zero     0x2000'2948      0x20  Application.o [7]
  .bss                   zero     0x2000'2968      0x10  HAL.o [7]
  .bss                   zero     0x2000'2978       0xc  TypedTextDatabase.o [1]
  .bss                   zero     0x2000'2984       0x8  Texts.o [1]
  .bss                   zero     0x2000'298c       0x8  Texts.o [1]
  .bss                   zero     0x2000'2994       0x8  Texts.o [1]
  .bss                   zero     0x2000'299c       0x6  ft5336.o [1]
  .bss                   zero     0x2000'29a2       0x4  STM32F7HAL.o [1]
  .bss                   zero     0x2000'29a6       0x2  HAL.o [7]
  .bss                   zero     0x2000'29a8       0x4  stm32f7xx_hal.o [1]
  .bss                   zero     0x2000'29ac       0x4  Application.o [7]
  .bss                   zero     0x2000'29b0       0x4  FontManager.o [7]
  .bss                   zero     0x2000'29b4       0x4  TypedText.o [7]
  .bss                   zero     0x2000'29b8       0x4  TypedText.o [7]
  .bss                   zero     0x2000'29bc       0x4  TypedText.o [7]
  .bss                   zero     0x2000'29c0       0x4  cppinit.o [2]
  .bss                   zero     0x2000'29c4       0x4  cppinit.o [2]
  .bss                   zero     0x2000'29c8       0x2  TypedText.o [7]
  .bss                   zero     0x2000'29ca       0x1  BoardConfiguration.o [1]
  .bss                   zero     0x2000'29cb       0x1  GPIO.o [1]
  .bss                   zero     0x2000'29cc       0x1  STM32F7DMA.o [1]
                                - 0x2000'29cd     0x85d

"P2", part 3 of 3:                                0x598
  .iar.dynexit                    0x2000'29d0     0x198  <Block>
    .iar.dynexit         uninit   0x2000'29d0       0xc  cppinit.o [2]
    .iar.dynexit         uninit   0x2000'29dc     0x18c  <Block tail>
  CSTACK                          0x2000'2b68     0x400  <Block>
    CSTACK               uninit   0x2000'2b68     0x400  <Block tail>
                                - 0x2000'2f68     0x598

"P3":                                          0x5b3420
  ExtFlashSection        const    0x9000'0000  0x3aad90  circle-outline.o [1]
  ExtFlashSection        const    0x903a'ad90  0x208690  Color_wheel.o [1]
                                - 0x905b'3420  0x5b3420

Unused ranges:

         From           To       Size
         ----           --       ----
   0x800'ff4e   0x80f'ffff   0xf'00b2
  0x2000'2f68  0x2004'ffff   0x4'd098
  0x905b'3420  0x90ff'ffff  0xa4'cbe0


*******************************************************************************
*** INIT TABLE
***

          Address      Size
          -------      ----
Zero (__iar_zero_init3)
    1 destination range, total size 0x85d:
          0x2000'2170   0x85d

Copy/lz77 (__iar_lz77_init_single3)
    1 source range, total size 0xbe (2% of destination):
           0x800'fe90    0xbe
    1 destination range, total size 0x2170:
          0x2000'0000  0x2170

Extra (__iar_cstart_call_ctors)



*******************************************************************************
*** MODULE SUMMARY
***

    Module                        ro code    ro data  rw data
    ------                        -------    -------  -------
command line/config:
    ---------------------------------------------------------
    Total:

C:\dev\ChristmasLights\stm32_controller\target\IAR8.x\Debug\Obj: [1]
    ApplicationFontProvider.o                     20
    BitmapDatabase.o                   48
    BoardConfiguration.o            1 202        277    3 585
    Color_wheel.o                          2 131 600
    FontGetters.o                     228                 108
    Font_verdana_10_4bpp.o                       384
    Font_verdana_20_4bpp.o                     1 240
    Font_verdana_40_4bpp.o                     5 164
    FrontendApplication.o              42         60
    FrontendApplicationBase.o         628        792
    GPIO.o                             72                   1
    Kerning_verdana_10_4bpp.o                      4
    Kerning_verdana_20_4bpp.o                      4
    Kerning_verdana_40_4bpp.o                      4
    LanguageEng.o                                  8
    Model.o                            10
    OSWrappers.o                      260          1        9
    STM32F746GTouchController.o        78         24
    STM32F7DMA.o                    1 262         80       65
    STM32F7HAL.o                      668        304        4
    STM32F7Instrumentation.o          126         40       60
    Screen1Presenter.o                 60         80
    Screen1View.o                     408         76
    Screen1ViewBase.o               1 512        744
    Table_verdana_10_4bpp.o                      240
    Table_verdana_20_4bpp.o                      240
    Table_verdana_40_4bpp.o                      240
    Texts.o                            84          9       40
    TypedTextDatabase.o                48         10       12
    circle-outline.o                       3 845 520
    ft5336.o                          732          1       46
    heap_2.o                          244        122    5 524
    list.o                            152
    main.o                             72
    port.o                            480                  12
    portasm.o                         172
    queue.o                         1 528
    startup_stm32f746xx.o             876
    stm32746g_discovery.o             624                  76
    stm32746g_discovery_lcd.o         624                 384
    stm32746g_discovery_qspi.o        812                  68
    stm32746g_discovery_sdram.o       632          2      196
    stm32746g_discovery_ts.o          552                  52
    stm32f7xx_hal.o                   132                   4
    stm32f7xx_hal_cortex.o            292
    stm32f7xx_hal_dma.o               568
    stm32f7xx_hal_dma2d.o             762
    stm32f7xx_hal_gpio.o              540
    stm32f7xx_hal_i2c.o             1 716
    stm32f7xx_hal_ltdc.o              586
    stm32f7xx_hal_msp_template.o        2
    stm32f7xx_hal_pwr_ex.o            108
    stm32f7xx_hal_qspi.o            1 630
    stm32f7xx_hal_rcc.o             1 164
    stm32f7xx_hal_rcc_ex.o          1 172
    stm32f7xx_hal_sdram.o             144
    stm32f7xx_hal_tim.o               270
    stm32f7xx_ll_fmc.o                338
    system_stm32f7xx.o                100                   4
    tasks.o                         2 116          2      256
    ---------------------------------------------------------
    Total:                         25 876  5 987 292   10 506

dl7M_tln.a: [2]
    abort.o                             6
    cppinit.o                         160                  20
    exit.o                              4
    low_level_init.o                    4
    ---------------------------------------------------------
    Total:                            174                  20

dlpp7M_tl_nc.a: [3]
    cxxabi.o                           50
    ---------------------------------------------------------
    Total:                             50

m7M_tls.a: [4]
    DblToS32.o                         58
    S32ToDbl.o                         34
    atanf.o                            72
    fpinit_M.o                         34
    sqrt.o                            258
    xatanf.o                          164
    ---------------------------------------------------------
    Total:                            620

rt7M_tl.a: [5]
    ABImemclr4.o                        6
    ABImemcpy.o                       166
    ABImemset.o                       102
    ABImemset48.o                      58
    cexit.o                            14
    cmain.o                            30
    cmain_call_ctors.o                 32
    cstart_call_dtors.o
    cstartup_M.o                       12
    data_init.o                        40
    lz77_init_single.o                122
    memcmp.o                          104
    memcpy.o                           12
    zero_init3.o                       58
    ---------------------------------------------------------
    Total:                            756

shb_l.a: [6]
    ABIassert.o                        36
    exit.o                             20
    unwind_debug.o                                 1
    ---------------------------------------------------------
    Total:                             56          1

touchgfx_core.a: [7]
    AbstractPartition.o                10
    Application.o                   4 998        244       36
    Bitmap.o                        1 080                  36
    Box.o                              96        108
    Color.o                           312
    ConstFont.o                       242
    Container.o                       612        144
    DMA.o                             652         36
    DisplayTransformation.o           252
    Drawable.o                        262
    Font.o                            168
    FontManager.o                      12                   4
    Gestures.o                        352         60
    HAL.o                           1 312                  18
    InternalFlashFont.o               150         76
    LCD.o                           3 154
    LCD16bpp.o                      5 120         52
    ScalableImage.o                 1 158        128
    Screen.o                        1 920         52
    TextArea.o                        832        124
    TextAreaWithWildcard.o            256
    TextProvider.o                    308
    TextureMapTypes.o               1 346        152
    TouchCalibration.o                252                  76
    TypedText.o                                            14
    Unicode.o                       1 508
    Utils.o                            70
    ---------------------------------------------------------
    Total:                         26 434      1 176      184

    Gaps                                3          4        3
    Linker created                                36    1 420
-------------------------------------------------------------
    Grand Total:                   53 969  5 988 509   12 133


*******************************************************************************
*** ENTRY LIST
***

Entry                       Address      Size  Type      Object
-----                       -------      ----  ----      ------
.iar.dynexit$$Base      0x2000'29d0             --   Gb  - Linker created -
.iar.dynexit$$Limit     0x2000'2b68             --   Gb  - Linker created -
.iar.init_table$$Base    0x800'f918             --   Gb  - Linker created -
.iar.init_table$$Limit   0x800'f93c             --   Gb  - Linker created -
?main                    0x800'fa81            Code  Gb  cmain.o [5]
AHBPrescTable            0x800'f340      0x10  Data  Gb  system_stm32f7xx.o [1]
ActiveLayer             0x2000'2728       0x4  Data  Lc  stm32746g_discovery_lcd.o [1]
BSP_LCD_ClockConfig::periph_clk_init_struct
                        0x2000'2588      0x84  Data  Lc  stm32746g_discovery_lcd.o [1]
BSP_LCD_DisplayOn        0x800'c7db      0x1e  Code  Gb  stm32746g_discovery_lcd.o [1]
BSP_LCD_GetXSize         0x800'c7b3      0x14  Code  Gb  stm32746g_discovery_lcd.o [1]
BSP_LCD_GetYSize         0x800'c7c7      0x14  Code  Gb  stm32746g_discovery_lcd.o [1]
BSP_LCD_Init             0x800'c721      0x92  Code  Gb  stm32746g_discovery_lcd.o [1]
BSP_LED_Init             0x800'7271      0x48  Code  Gb  stm32746g_discovery.o [1]
BSP_LED_Off              0x800'72c1       0x8  Code  Gb  stm32746g_discovery.o [1]
BSP_LED_On               0x800'72b9       0x8  Code  Gb  stm32746g_discovery.o [1]
BSP_LED_Toggle           0x800'72d3       0xe  Code  Gb  stm32746g_discovery.o [1]
BSP_QSPI_EnableMemoryMappedMode
                         0x800'bd19      0x4a  Code  Gb  stm32746g_discovery_qspi.o [1]
BSP_QSPI_Init            0x800'bbe5     0x134  Code  Gb  stm32746g_discovery_qspi.o [1]
BSP_SDRAM_DeInit::sdramstatus
                        0x2000'20a1       0x1  Data  Lc  stm32746g_discovery_sdram.o [1]
BSP_SDRAM_Init           0x800'c4a9      0xf4  Code  Gb  stm32746g_discovery_sdram.o [1]
BSP_SDRAM_Init::sdramstatus
                        0x2000'20a0       0x1  Data  Lc  stm32746g_discovery_sdram.o [1]
BSP_SDRAM_MspInit::dma_handle
                        0x2000'2678      0x60  Data  Lc  stm32746g_discovery_sdram.o [1]
BSP_TS_GetState          0x800'ddd1     0x188  Code  Gb  stm32746g_discovery_ts.o [1]
BSP_TS_GetState::_x     0x2000'2890      0x14  Data  Lc  stm32746g_discovery_ts.o [1]
BSP_TS_GetState::_y     0x2000'28a4      0x14  Data  Lc  stm32746g_discovery_ts.o [1]
BSP_TS_Get_GestureId     0x800'df59      0x5a  Code  Gb  stm32746g_discovery_ts.o [1]
BSP_TS_Init              0x800'dd9d      0x32  Code  Gb  stm32746g_discovery_ts.o [1]
BitmapDatabase::getInstance()
                         0x800'ce11       0x4  Code  Gb  BitmapDatabase.o [1]
BitmapDatabase::getInstanceSize()
                         0x800'ce15       0x4  Code  Gb  BitmapDatabase.o [1]
CSTACK$$Base            0x2000'2b68             --   Gb  - Linker created -
CSTACK$$Limit           0x2000'2f68             --   Gb  - Linker created -
Command                 0x2000'20f4      0x10  Data  Lc  stm32746g_discovery_sdram.o [1]
DMA2D_IRQHandler         0x800'e25b      0x24  Code  Gb  STM32F7HAL.o [1]
DMA2D_SetConfig          0x800'a489      0x8e  Code  Lc  stm32f7xx_hal_dma2d.o [1]
DMA_CalcBaseAndBitshift
                         0x800'8765      0x2c  Code  Lc  stm32f7xx_hal_dma.o [1]
DMA_CalcBaseAndBitshift::flagBitshiftOffset
                         0x800'8798       0x8  Data  Lc  stm32f7xx_hal_dma.o [1]
Dma2dHandle             0x2000'2808      0x40  Data  Gb  STM32F7DMA.o [1]
DrawProp                0x2000'2718      0x10  Data  Lc  stm32746g_discovery_lcd.o [1]
DtorRecArray            0x2000'29d0       0xc  Data  Lc  cppinit.o [2]
FMC_SDRAM_Init           0x800'd035      0x7a  Code  Gb  stm32f7xx_ll_fmc.o [1]
FMC_SDRAM_ProgramRefreshRate
                         0x800'd17b       0xc  Code  Gb  stm32f7xx_ll_fmc.o [1]
FMC_SDRAM_SendCommand    0x800'd131      0x4a  Code  Gb  stm32f7xx_ll_fmc.o [1]
FMC_SDRAM_Timing_Init    0x800'd0af      0x7a  Code  Gb  stm32f7xx_ll_fmc.o [1]
FrontendApplication::FrontendApplication(Model &, FrontendHeap &)
                         0x800'd261       0x2  Code  Gb  FrontendApplication.o [1]
FrontendApplication::handleTickEvent()
                         0x800'fb4d      0x16  Code  Gb  FrontendApplication.o [1]
FrontendApplicationBase::FrontendApplicationBase(Model &, FrontendHeap &)
                         0x800'd283      0x48  Code  Gb  FrontendApplicationBase.o [1]
FrontendApplicationBase::FrontendApplicationBase(Model &, FrontendHeap &) [subobject]
                         0x800'd281       0x2  Code  Gb  FrontendApplicationBase.o [1]
FrontendApplicationBase::gotoScreen1ScreenNoTransition()
                         0x800'd2cd      0x22  Code  Gb  FrontendApplicationBase.o [1]
FrontendApplicationBase::gotoScreen1ScreenNoTransitionImpl()
                         0x800'd2ef      0x1a  Code  Gb  FrontendApplicationBase.o [1]
FrontendHeap::FrontendHeap()
                         0x800'cea1      0x84  Code  Gb  BoardConfiguration.o [1]
FrontendHeap::getInstance()::instance
                        0x2000'2170     0x2c8  Data  Gb  BoardConfiguration.o [1]
FrontendHeap::~FrontendHeap()
                         0x800'f9a1      0x20  Code  Gb  BoardConfiguration.o [1]
HAL_DMA2D_BlendingStart_IT
                         0x800'a39f      0x2c  Code  Gb  stm32f7xx_hal_dma2d.o [1]
HAL_DMA2D_ConfigLayer    0x800'a3e9      0x98  Code  Gb  stm32f7xx_hal_dma2d.o [1]
HAL_DMA2D_DeInit         0x800'a277     0x108  Code  Gb  stm32f7xx_hal_dma2d.o [1]
HAL_DMA2D_Init           0x800'a221      0x56  Code  Gb  stm32f7xx_hal_dma2d.o [1]
HAL_DMA2D_Start_IT       0x800'a37f      0x20  Code  Gb  stm32f7xx_hal_dma2d.o [1]
HAL_DMA_Abort            0x800'86d7      0x8c  Code  Gb  stm32f7xx_hal_dma.o [1]
HAL_DMA_DeInit           0x800'8659      0x7e  Code  Gb  stm32f7xx_hal_dma.o [1]
HAL_DMA_Init             0x800'8569      0xf0  Code  Gb  stm32f7xx_hal_dma.o [1]
HAL_Delay                0x800'7edf      0x18  Code  Wk  stm32f7xx_hal.o [1]
HAL_GPIO_Init            0x800'74ed     0x1d6  Code  Gb  stm32f7xx_hal_gpio.o [1]
HAL_GPIO_TogglePin       0x800'76cb       0x8  Code  Gb  stm32f7xx_hal_gpio.o [1]
HAL_GPIO_WritePin        0x800'76c3       0x8  Code  Gb  stm32f7xx_hal_gpio.o [1]
HAL_GetTick              0x800'7ef9       0xc  Code  Wk  stm32f7xx_hal.o [1]
HAL_I2C_DeInit           0x800'78d7      0x30  Code  Gb  stm32f7xx_hal_i2c.o [1]
HAL_I2C_GetState         0x800'7c5f       0x6  Code  Gb  stm32f7xx_hal_i2c.o [1]
HAL_I2C_Init             0x800'782d      0xaa  Code  Gb  stm32f7xx_hal_i2c.o [1]
HAL_I2C_Mem_Read         0x800'7a8d     0x1b4  Code  Gb  stm32f7xx_hal_i2c.o [1]
HAL_I2C_Mem_Write        0x800'7907     0x180  Code  Gb  stm32f7xx_hal_i2c.o [1]
HAL_IncTick              0x800'c475      0x10  Code  Wk  stm32f7xx_hal.o [1]
HAL_Init                 0x800'c485      0x20  Code  Gb  stm32f7xx_hal.o [1]
HAL_InitTick             0x800'b315      0x2c  Code  Wk  stm32f7xx_hal.o [1]
HAL_LTDC_ConfigLayer     0x800'ca61      0x4c  Code  Gb  stm32f7xx_hal_ltdc.o [1]
HAL_LTDC_GetState        0x800'caad       0x6  Code  Gb  stm32f7xx_hal_ltdc.o [1]
HAL_LTDC_Init            0x800'c971      0xf0  Code  Gb  stm32f7xx_hal_ltdc.o [1]
HAL_MPU_ConfigRegion     0x800'77b9      0x4e  Code  Gb  stm32f7xx_hal_cortex.o [1]
HAL_MspInit              0x800'cd29       0x2  Code  Gb  stm32f7xx_hal_msp_template.o [1]
HAL_NVIC_DisableIRQ      0x800'7781       0xa  Code  Gb  stm32f7xx_hal_cortex.o [1]
HAL_NVIC_EnableIRQ       0x800'7775       0xc  Code  Gb  stm32f7xx_hal_cortex.o [1]
HAL_NVIC_SetPriority     0x800'7723      0x52  Code  Gb  stm32f7xx_hal_cortex.o [1]
HAL_NVIC_SetPriorityGrouping
                         0x800'7709      0x1a  Code  Gb  stm32f7xx_hal_cortex.o [1]
HAL_PWREx_EnableOverDrive
                         0x800'ccbd      0x62  Code  Gb  stm32f7xx_hal_pwr_ex.o [1]
HAL_QSPI_Abort           0x800'834b      0x7a  Code  Gb  stm32f7xx_hal_qspi.o [1]
HAL_QSPI_AutoPolling     0x800'8227      0xa0  Code  Gb  stm32f7xx_hal_qspi.o [1]
HAL_QSPI_Command         0x800'7fe7      0x80  Code  Gb  stm32f7xx_hal_qspi.o [1]
HAL_QSPI_DeInit          0x800'7fb5      0x32  Code  Gb  stm32f7xx_hal_qspi.o [1]
HAL_QSPI_Init            0x800'7f05      0xa8  Code  Gb  stm32f7xx_hal_qspi.o [1]
HAL_QSPI_MemoryMapped    0x800'82c7      0x84  Code  Gb  stm32f7xx_hal_qspi.o [1]
HAL_QSPI_Receive         0x800'8139      0xee  Code  Gb  stm32f7xx_hal_qspi.o [1]
HAL_QSPI_Transmit        0x800'8067      0xd2  Code  Gb  stm32f7xx_hal_qspi.o [1]
HAL_RCCEx_PeriphCLKConfig
                         0x800'a9f5     0x482  Code  Gb  stm32f7xx_hal_rcc_ex.o [1]
HAL_RCC_ClockConfig      0x800'ae89     0x136  Code  Gb  stm32f7xx_hal_rcc.o [1]
HAL_RCC_GetSysClockFreq
                         0x800'afbf      0x4c  Code  Gb  stm32f7xx_hal_rcc.o [1]
HAL_RCC_OscConfig        0x800'b029     0x2ec  Code  Wk  stm32f7xx_hal_rcc.o [1]
HAL_SDRAM_Init           0x800'cd2d      0x3c  Code  Gb  stm32f7xx_hal_sdram.o [1]
HAL_SDRAM_ProgramRefreshRate
                         0x800'cd99      0x22  Code  Gb  stm32f7xx_hal_sdram.o [1]
HAL_SDRAM_SendCommand    0x800'cd69      0x30  Code  Gb  stm32f7xx_hal_sdram.o [1]
HAL_SYSTICK_Config       0x800'7793      0x26  Code  Gb  stm32f7xx_hal_cortex.o [1]
HAL_TIM_Base_Init        0x800'cf25      0x2e  Code  Gb  stm32f7xx_hal_tim.o [1]
HAL_TIM_Base_Start       0x800'cf53      0x1a  Code  Gb  stm32f7xx_hal_tim.o [1]
I2C_Flush_TXDR           0x800'7d51      0x1c  Code  Lc  stm32f7xx_hal_i2c.o [1]
I2C_IsAcknowledgeFailed
                         0x800'7e45      0x70  Code  Lc  stm32f7xx_hal_i2c.o [1]
I2C_RequestMemoryRead    0x800'7cd9      0x6e  Code  Lc  stm32f7xx_hal_i2c.o [1]
I2C_RequestMemoryWrite   0x800'7c69      0x70  Code  Lc  stm32f7xx_hal_i2c.o [1]
I2C_TransferConfig       0x800'7eb5      0x20  Code  Lc  stm32f7xx_hal_i2c.o [1]
I2C_WaitOnFlagUntilTimeout
                         0x800'7d6d      0x48  Code  Lc  stm32f7xx_hal_i2c.o [1]
I2C_WaitOnSTOPFlagUntilTimeout
                         0x800'7df9      0x32  Code  Lc  stm32f7xx_hal_i2c.o [1]
I2C_WaitOnTXISFlagUntilTimeout
                         0x800'7dc1      0x38  Code  Lc  stm32f7xx_hal_i2c.o [1]
I2Cx_Init                0x800'73eb      0x3c  Code  Lc  stm32746g_discovery.o [1]
I2Cx_MspInit             0x800'72e1     0x10a  Code  Lc  stm32746g_discovery.o [1]
I2Cx_ReadMultiple        0x800'7427      0x1c  Code  Lc  stm32746g_discovery.o [1]
I2Cx_WriteMultiple       0x800'7443      0x1a  Code  Lc  stm32746g_discovery.o [1]
I2cAddress              0x2000'2885       0x1  Data  Lc  stm32746g_discovery_ts.o [1]
Initialization guard variable for FrontendHeap::getInstance()::instance
                        0x2000'29ca       0x1  Data  Gb  BoardConfiguration.o [1]
LTDC_IRQHandler          0x800'e207      0x54  Code  Gb  STM32F7HAL.o [1]
LTDC_SetConfig           0x800'cab3      0xfc  Code  Lc  stm32f7xx_hal_ltdc.o [1]
Model::Model()           0x800'd275       0x2  Code  Gb  Model.o [1]
Model::tick()            0x800'd27d       0x2  Code  Gb  Model.o [1]
OS_SysTick               0x800'5f4d      0x2c  Code  Gb  port.o [1]
PendSV_Handler           0x800'617d            Code  Gb  portasm.o [1]
QSPIHandle              0x2000'27c4      0x44  Data  Gb  stm32746g_discovery_qspi.o [1]
QSPI_Config              0x800'8411     0x14e  Code  Lc  stm32f7xx_hal_qspi.o [1]
QSPI_WaitFlagStateUntilTimeout
                         0x800'83c5      0x4c  Code  Lc  stm32f7xx_hal_qspi.o [1]
QSPI_WriteEnable         0x800'bd6d      0x6e  Code  Lc  stm32746g_discovery_qspi.o [1]
Region$$Table$$Base      0x800'f918             --   Gb  - Linker created -
Region$$Table$$Limit     0x800'f93c             --   Gb  - Linker created -
SHT$$INIT_ARRAY$$Base    0x800'fc70             --   Gb  - Linker created -
SHT$$INIT_ARRAY$$Limit   0x800'fc7c             --   Gb  - Linker created -
SHT$$PREINIT_ARRAY$$Base
                         0x800'fc70             --   Gb  - Linker created -
SHT$$PREINIT_ARRAY$$Limit
                         0x800'fc70             --   Gb  - Linker created -
STM32F7DMA::STM32F7DMA()
                         0x800'9d8b      0x48  Code  Gb  STM32F7DMA.o [1]
STM32F7DMA::getBlitCaps()
                         0x800'9de9      0x12  Code  Gb  STM32F7DMA.o [1]
STM32F7DMA::initialize()
                         0x800'9dd5      0x14  Code  Gb  STM32F7DMA.o [1]
STM32F7DMA::setupDataCopy(touchgfx::BlitOp const &)
                         0x800'9dfb     0x180  Code  Gb  STM32F7DMA.o [1]
STM32F7DMA::setupDataFill(touchgfx::BlitOp const &)
                         0x800'9f81     0x100  Code  Gb  STM32F7DMA.o [1]
STM32F7DMA::setupFillWithAlpha(touchgfx::BlitOp const &)
                         0x800'a087     0x16a  Code  Gb  STM32F7DMA.o [1]
STM32F7DMA::signalDMAInterrupt()
                         0x800'9907       0x6  Code  Gb  STM32F7DMA.o [1]
STM32F7DMA::~STM32F7DMA()
                         0x800'9dd3       0x2  Code  Gb  STM32F7DMA.o [1]
STM32F7HAL::configureInterrupts()
                         0x800'e1c3       0xa  Code  Gb  STM32F7HAL.o [1]
STM32F7HAL::disableInterrupts()
                         0x800'e1f3       0x4  Code  Gb  STM32F7HAL.o [1]
STM32F7HAL::enableInterrupts()
                         0x800'e1f7       0x2  Code  Gb  STM32F7HAL.o [1]
STM32F7HAL::enableLCDControllerInterrupt()
                         0x800'e1cd      0x26  Code  Gb  STM32F7HAL.o [1]
STM32F7HAL::flushFrameBuffer(touchgfx::Rect const &)
                         0x800'e1b7       0xc  Code  Gb  STM32F7HAL.o [1]
STM32F7HAL::getTFTCurrentLine()
                         0x800'e199      0x1e  Code  Gb  STM32F7HAL.o [1]
STM32F7HAL::getTFTFrameBuffer() const
                         0x800'e187       0x6  Code  Gb  STM32F7HAL.o [1]
STM32F7HAL::setTFTFrameBuffer(unsigned short *)
                         0x800'e18d       0xc  Code  Gb  STM32F7HAL.o [1]
SVC_Handler              0x800'61d9            Code  Gb  portasm.o [1]
Screen1Presenter * touchgfx::makeTransition<Screen1View, Screen1Presenter, touchgfx::NoTransition, Model>(touchgfx::Screen **, touchgfx::Presenter **, touchgfx::MVPHeap &, touchgfx::Transition **, Model *)
                         0x800'd415     0x154  Code  Gb  FrontendApplicationBase.o [1]
Screen1Presenter * touchgfx::makeTransition<Screen1View, Screen1Presenter, touchgfx::NoTransition, Model>(touchgfx::Screen **, touchgfx::Presenter **, touchgfx::MVPHeap &, touchgfx::Transition **, Model *)::string (instance 2)
                         0x800'ebb8      0x90  Data  Gb  FrontendApplicationBase.o [1]
Screen1Presenter * touchgfx::makeTransition<Screen1View, Screen1Presenter, touchgfx::NoTransition, Model>(touchgfx::Screen **, touchgfx::Presenter **, touchgfx::MVPHeap &, touchgfx::Transition **, Model *)::string (instance 3)
                         0x800'f064      0x70  Data  Gb  FrontendApplicationBase.o [1]
Screen1Presenter * touchgfx::makeTransition<Screen1View, Screen1Presenter, touchgfx::NoTransition, Model>(touchgfx::Screen **, touchgfx::Presenter **, touchgfx::MVPHeap &, touchgfx::Transition **, Model *)::string (instance 5)
                         0x800'e928      0xa4  Data  Gb  FrontendApplicationBase.o [1]
Screen1Presenter * touchgfx::makeTransition<Screen1View, Screen1Presenter, touchgfx::NoTransition, Model>(touchgfx::Screen **, touchgfx::Presenter **, touchgfx::MVPHeap &, touchgfx::Transition **, Model *)::string (instance 7)
                         0x800'e9cc      0xa4  Data  Gb  FrontendApplicationBase.o [1]
Screen1Presenter::Screen1Presenter(Screen1View &)
                         0x800'd73d       0x2  Code  Gb  Screen1Presenter.o [1]
Screen1Presenter::activate()
                         0x800'd76d       0x2  Code  Gb  Screen1Presenter.o [1]
Screen1Presenter::deactivate()
                         0x800'd76f       0x2  Code  Gb  Screen1Presenter.o [1]
Screen1Presenter::~Screen1Presenter()
                         0x800'd25f       0x2  Code  Gb  Screen1Presenter.o [1]
Screen1View::Screen1View()
                         0x800'd601      0x2e  Code  Gb  Screen1View.o [1]
Screen1View::colorHandler(touchgfx::ScalableImage const &, touchgfx::ClickEvent const &)
                         0x800'd645      0xde  Code  Gb  Screen1View.o [1]
Screen1View::setupScreen()
                         0x800'd639       0xa  Code  Gb  Screen1View.o [1]
Screen1View::tearDownScreen()
                         0x800'd643       0x2  Code  Gb  Screen1View.o [1]
Screen1View::~Screen1View()
                         0x800'fa01      0x20  Code  Gb  Screen1View.o [1]
Screen1ViewBase::Screen1ViewBase()
                         0x800'd833     0x10c  Code  Gb  Screen1ViewBase.o [1]
Screen1ViewBase::Screen1ViewBase() [subobject]
                         0x800'd831       0x2  Code  Gb  Screen1ViewBase.o [1]
Screen1ViewBase::~Screen1ViewBase()
                         0x800'fa41      0x20  Code  Gb  Screen1ViewBase.o [1]
SysTick_Handler          0x800'c201      0x16  Code  Gb  BoardConfiguration.o [1]
SystemClock_Config       0x800'c411      0x64  Code  Gb  BoardConfiguration.o [1]
SystemCoreClock         0x2000'2104       0x4  Data  Gb  system_stm32f7xx.o [1]
SystemInit               0x800'f2ed      0x3e  Code  Gb  system_stm32f7xx.o [1]
TIM_Base_SetConfig       0x800'cf6d      0x98  Code  Gb  stm32f7xx_hal_tim.o [1]
TS_IO_Delay              0x800'74dd       0x4  Code  Gb  stm32746g_discovery.o [1]
TS_IO_Init               0x800'7475       0x2  Code  Gb  stm32746g_discovery.o [1]
TS_IO_Read               0x800'7495      0x18  Code  Gb  stm32746g_discovery.o [1]
TS_IO_Write              0x800'747b      0x12  Code  Gb  stm32746g_discovery.o [1]
T_SingleUseId1_Eng       0x800'fe74       0x4  Data  Lc  LanguageEng.o [1]
Timing                  0x2000'20d8      0x1c  Data  Lc  stm32746g_discovery_sdram.o [1]
TypedTextDatabase::getFonts()
                         0x800'd249       0x4  Code  Gb  TypedTextDatabase.o [1]
TypedTextDatabase::getInstance(unsigned short)
                         0x800'd23d       0x8  Code  Gb  TypedTextDatabase.o [1]
TypedTextDatabase::getInstanceSize()
                         0x800'd245       0x4  Code  Gb  TypedTextDatabase.o [1]
Virtual function table for ApplicationFontProvider
                         0x800'fb64      0x14  Data  Gb  ApplicationFontProvider.o [1]
Virtual function table for FrontendApplication
                         0x800'f57c      0x3c  Data  Gb  FrontendApplication.o [1]
Virtual function table for FrontendApplicationBase
                         0x800'f5f4      0x3c  Data  Gb  FrontendApplicationBase.o [1]
Virtual function table for FrontendHeap
                         0x800'fb8c      0x14  Data  Gb  BoardConfiguration.o [1]
Virtual function table for FrontendHeapBase
                         0x800'fb78      0x14  Data  Gb  BoardConfiguration.o [1]
Virtual function table for ModelListener
                         0x800'fc14      0x10  Data  Gb  Screen1Presenter.o [1]
Virtual function table for STM32F7DMA
                         0x800'f404      0x50  Data  Gb  STM32F7DMA.o [1]
Virtual function table for STM32F7HAL
                         0x800'ea70      0xa4  Data  Gb  STM32F7HAL.o [1]
Virtual function table for Screen1Presenter
                         0x800'f80c      0x28  Data  Gb  Screen1Presenter.o [1]
Virtual function table for Screen1View
                         0x800'f708      0x34  Data  Gb  Screen1View.o [1]
Virtual function table for Screen1ViewBase
                         0x800'f770      0x34  Data  Gb  Screen1ViewBase.o [1]
Virtual function table for touchgfx::Application
                         0x800'f630      0x3c  Data  Gb  Application.o [7]
Virtual function table for touchgfx::Box
                         0x800'f1b0      0x6c  Data  Gb  Box.o [7]
Virtual function table for touchgfx::Callback<FrontendApplicationBase, void, void>
                         0x800'fad4      0x18  Data  Gb  FrontendApplicationBase.o [1]
Virtual function table for touchgfx::Callback<Screen1View, touchgfx::ScalableImage const &, touchgfx::ClickEvent const &>
                         0x800'fb04      0x18  Data  Gb  Screen1View.o [1]
Virtual function table for touchgfx::ClickEvent
                         0x800'fba0      0x14  Data  Gb  Gestures.o [7]
Virtual function table for touchgfx::ClickListener<touchgfx::ScalableImage>
                         0x800'edf0      0x80  Data  Gb  Screen1ViewBase.o [1]
Virtual function table for touchgfx::Container
                         0x800'ec48      0x90  Data  Gb  Container.o [7]
Virtual function table for touchgfx::DragEvent
                         0x800'fbb4      0x14  Data  Gb  Gestures.o [7]
Virtual function table for touchgfx::GestureEvent
                         0x800'fbc8      0x14  Data  Gb  Gestures.o [7]
Virtual function table for touchgfx::InternalFlashFont
                         0x800'f4a4      0x4c  Data  Gb  InternalFlashFont.o [7]
Virtual function table for touchgfx::LCD16bpp
                         0x800'f7a4      0x34  Data  Gb  LCD16bpp.o [7]
Virtual function table for touchgfx::LockFreeDMA_Queue
                         0x800'f8ac      0x24  Data  Gb  DMA.o [7]
Virtual function table for touchgfx::MVPApplication
                         0x800'f5b8      0x3c  Data  Gb  FrontendApplicationBase.o [1]
Virtual function table for touchgfx::MVPHeap
                         0x800'fc04      0x10  Data  Gb  BoardConfiguration.o [1]
Virtual function table for touchgfx::NoTransition
                         0x800'f960      0x20  Data  Gb  FrontendApplicationBase.o [1]
Virtual function table for touchgfx::Partition<touchgfx::meta::TypeList<Screen1Presenter, touchgfx::meta::TypeList<touchgfx::meta::Nil, touchgfx::meta::Nil>>, (unsigned short)1>
                         0x800'f66c      0x34  Data  Gb  BoardConfiguration.o [1]
Virtual function table for touchgfx::Partition<touchgfx::meta::TypeList<Screen1View, touchgfx::meta::TypeList<touchgfx::meta::Nil, touchgfx::meta::Nil>>, (unsigned short)1>
                         0x800'f6a0      0x34  Data  Gb  BoardConfiguration.o [1]
Virtual function table for touchgfx::Partition<touchgfx::meta::TypeList<touchgfx::NoTransition, touchgfx::meta::TypeList<touchgfx::meta::Nil, touchgfx::meta::Nil>>, (unsigned short)1>
                         0x800'f6d4      0x34  Data  Gb  BoardConfiguration.o [1]
Virtual function table for touchgfx::Presenter
                         0x800'faec      0x18  Data  Gb  Screen1Presenter.o [1]
Virtual function table for touchgfx::STM32F746GTouchController
                         0x800'fb1c      0x18  Data  Gb  STM32F746GTouchController.o [1]
Virtual function table for touchgfx::STM32F7Instrumentation
                         0x800'f834      0x28  Data  Gb  STM32F7Instrumentation.o [1]
Virtual function table for touchgfx::ScalableImage
                         0x800'ee70      0x80  Data  Gb  ScalableImage.o [7]
Virtual function table for touchgfx::Screen
                         0x800'f7d8      0x34  Data  Gb  Screen.o [7]
Virtual function table for touchgfx::TextArea
                         0x800'efe8      0x7c  Data  Gb  TextArea.o [7]
Virtual function table for touchgfx::TextAreaWithOneWildcard
                         0x800'ef6c      0x7c  Data  Gb  Screen1ViewBase.o [1]
Virtual function table for touchgfx::TextAreaWithWildcardBase
                         0x800'eef0      0x7c  Data  Gb  Screen1ViewBase.o [1]
Virtual function table for touchgfx::Transition
[...]
touchgfx::STM32F7Instrumentation::getCPUCycles()
                         0x800'cc85       0xc  Code  Gb  STM32F7Instrumentation.o [1]
touchgfx::STM32F7Instrumentation::init()
                         0x800'cc45      0x40  Code  Gb  STM32F7Instrumentation.o [1]
touchgfx::STM32F7Instrumentation::setMCUActive(bool)
                         0x800'cc99      0x22  Code  Gb  STM32F7Instrumentation.o [1]
touchgfx::ScalableImage::ScalableImage()
                         0x800'b345      0x3a  Code  Gb  ScalableImage.o [7]
touchgfx::ScalableImage::ScalableImage() [subobject]
                         0x800'b341       0x2  Code  Gb  ScalableImage.o [7]
touchgfx::ScalableImage::draw(touchgfx::Rect const &) const
                         0x800'b5e9     0x15c  Code  Gb  ScalableImage.o [7]
touchgfx::ScalableImage::drawTriangle(touchgfx::Rect const &, unsigned short *, float const *, float const *, float const *, float const *, float const *) const
                         0x800'b3b7     0x21c  Code  Gb  ScalableImage.o [7]
touchgfx::ScalableImage::getSolidRect() const
                         0x800'b75d      0x6a  Code  Gb  ScalableImage.o [7]
touchgfx::ScalableImage::lookupRenderVariant() const
                         0x800'b5d3      0x14  Code  Gb  ScalableImage.o [7]
touchgfx::ScalableImage::setBitmap(touchgfx::Bitmap const &)
                         0x800'b381      0x30  Code  Gb  ScalableImage.o [7]
touchgfx::ScalableImage::setScalingAlgorithm(touchgfx::ScalableImage::ScalingAlgorithm)
                         0x800'b3b1       0x6  Code  Gb  ScalableImage.o [7]
touchgfx::ScalableImage::~ScalableImage()
                         0x800'b37f       0x2  Code  Gb  ScalableImage.o [7]
touchgfx::ScalableImage::~ScalableImage() [subobject]
                         0x800'b343       0x2  Code  Gb  ScalableImage.o [7]
touchgfx::Screen::JSMOC(touchgfx::Rect const &, touchgfx::Drawable *)
                         0x800'8847     0x212  Code  Gb  Screen.o [7]
touchgfx::Screen::Screen()
                         0x800'87a3      0x3e  Code  Gb  Screen.o [7]
touchgfx::Screen::Screen() [subobject]
                         0x800'87a1       0x2  Code  Gb  Screen.o [7]
touchgfx::Screen::afterTransition()
                         0x800'daab       0x2  Code  Gb  Screen1ViewBase.o [1]
touchgfx::Screen::bindTransition(touchgfx::Transition &)
                         0x800'8d89       0xc  Code  Gb  Screen.o [7]
touchgfx::Screen::draw(touchgfx::Rect &)
                         0x800'87e1      0x42  Code  Gb  Screen.o [7]
touchgfx::Screen::handleClickEvent(touchgfx::ClickEvent const &)
                         0x800'8a5f     0x1ce  Code  Gb  Screen.o [7]
touchgfx::Screen::handleClickEvent(touchgfx::ClickEvent const &){2}{3}{4}::samplePoints
                         0x800'8d94      0x48  Data  Lc  Screen.o [7]
touchgfx::Screen::handleDragEvent(touchgfx::DragEvent const &)
                         0x800'8c2d      0xf6  Code  Gb  Screen.o [7]
touchgfx::Screen::handleGestureEvent(touchgfx::GestureEvent const &)
                         0x800'8d3d      0x4c  Code  Gb  Screen.o [7]
touchgfx::Screen::handleKeyEvent(unsigned char)
                         0x800'f4a3       0x2  Code  Gb  Screen1ViewBase.o [1]
touchgfx::Screen::handleTickEvent()
                         0x800'dd9b       0x2  Code  Gb  Screen1ViewBase.o [1]
touchgfx::Screen::setupScreen()
                         0x800'da6f       0x2  Code  Gb  Screen1ViewBase.o [1]
touchgfx::Screen::startSMOC(touchgfx::Rect &)
                         0x800'8823      0x24  Code  Gb  Screen.o [7]
touchgfx::Screen::tearDownScreen()
                         0x800'db0f       0x2  Code  Gb  Screen1ViewBase.o [1]
touchgfx::Screen::~Screen()
                         0x800'fe89       0x2  Code  Gb  Screen.o [7]
touchgfx::TextArea::draw(touchgfx::Rect const &) const
                         0x800'b8bd      0xf0  Code  Gb  TextArea.o [7]
touchgfx::TextArea::getSolidRect() const
                         0x800'fbdd      0x14  Code  Gb  Screen1ViewBase.o [1]
touchgfx::TextArea::getTextHeight()
                         0x800'b7c9      0x58  Code  Gb  TextArea.o [7]
touchgfx::TextArea::getTextHeightInternal(unsigned short const *, ...) const
                         0x800'ba21      0xca  Code  Gb  TextArea.o [7]
touchgfx::TextArea::getTextWidth() const
                         0x800'b821      0x9c  Code  Gb  TextArea.o [7]
touchgfx::TextArea::resizeToCurrentText()
                         0x800'b9cf      0x52  Code  Gb  TextArea.o [7]
touchgfx::TextArea::setTypedText(touchgfx::TypedText)
                         0x800'b9ad      0x22  Code  Gb  TextArea.o [7]
touchgfx::TextAreaWithOneWildcard::TextAreaWithOneWildcard()
                         0x800'db35      0x40  Code  Gb  Screen1ViewBase.o [1]
touchgfx::TextAreaWithOneWildcard::draw(touchgfx::Rect const &) const
                         0x800'e2b1     0x118  Code  Gb  Screen1ViewBase.o [1]
touchgfx::TextAreaWithOneWildcard::getTextHeight()
                         0x800'f21d      0x6c  Code  Gb  Screen1ViewBase.o [1]
touchgfx::TextAreaWithOneWildcard::getTextWidth() const
                         0x800'e799      0xe8  Code  Gb  Screen1ViewBase.o [1]
touchgfx::TextAreaWithWildcardBase::calculateTextHeight(unsigned short const *, ...) const
                         0x800'e3c9      0xe4  Code  Gb  TextAreaWithWildcard.o [7]
touchgfx::TextProvider::TextProvider()
                         0x800'3755       0x2  Code  Gb  TextProvider.o [7]
touchgfx::TextProvider::getNextChar()
                         0x800'3769      0x16  Code  Gb  TextProvider.o [7]
touchgfx::TextProvider::getNextCharInternal()
                         0x800'37b3      0x84  Code  Gb  TextProvider.o [7]
touchgfx::TextProvider::getNextLigature(unsigned char)
                         0x800'377f      0x34  Code  Gb  TextProvider.o [7]
touchgfx::TextProvider::initialize(unsigned short const *, __va_list)
                         0x800'3837       0x4  Code  Gb  TextProvider.o [7]
touchgfx::TextProvider::initializeInternal()
                         0x800'383b      0x42  Code  Gb  TextProvider.o [7]
touchgfx::TextProvider::unicodeConverterFunction
                        0x2000'298c       0x8  Data  Gb  Texts.o [1]
touchgfx::TextProvider::unicodeConverterInitFunction
                        0x2000'2984       0x8  Data  Gb  Texts.o [1]
touchgfx::Texts::currentLanguage
                        0x2000'2994       0x2  Data  Gb  Texts.o [1]
touchgfx::Texts::currentLanguagePtr
                        0x2000'2998       0x4  Data  Gb  Texts.o [1]
touchgfx::Texts::setLanguage(unsigned short)
                         0x800'ce4f      0x30  Code  Gb  Texts.o [1]
touchgfx::TouchCalibration::matrix
                        0x2000'2778      0x4c  Data  Gb  TouchCalibration.o [7]
touchgfx::TouchCalibration::muldiv(int, int, int, int, int, int, int &)
                         0x800'7175      0x5e  Code  Gb  TouchCalibration.o [7]
touchgfx::TouchCalibration::translatePoint(touchgfx::Point &)
                         0x800'71d3      0x98  Code  Gb  TouchCalibration.o [7]
touchgfx::Transition::handleTickEvent()
                         0x800'b7c7       0x2  Code  Gb  FrontendApplicationBase.o [1]
touchgfx::Transition::init()
                         0x800'cbbb       0x2  Code  Gb  FrontendApplicationBase.o [1]
touchgfx::Transition::setScreenContainer(touchgfx::Container &)
                         0x800'fca5       0x4  Code  Gb  FrontendApplicationBase.o [1]
touchgfx::Transition::tearDown()
                         0x800'bbe3       0x2  Code  Gb  FrontendApplicationBase.o [1]
touchgfx::Transition::~Transition()
                         0x800'a51b       0x2  Code  Gb  FrontendApplicationBase.o [1]
touchgfx::TypedText::assertValid() const
                         0x800'bb65      0x48  Code  Gb  Screen1ViewBase.o [1]
touchgfx::TypedText::assertValid() const::string (instance 2)
                         0x800'f538      0x44  Data  Gb  Screen1ViewBase.o [1]
touchgfx::TypedText::assertValid() const::string (instance 3)
                         0x800'f0d4      0x70  Data  Gb  Screen1ViewBase.o [1]
touchgfx::TypedText::assertValid() const::string (instance 5)
                         0x800'f3b0      0x54  Data  Gb  Screen1ViewBase.o [1]
touchgfx::TypedText::fonts
                        0x2000'29bc       0x4  Data  Gb  TypedText.o [7]
touchgfx::TypedText::getFont() const
                         0x800'bb09      0x5c  Code  Gb  Screen1ViewBase.o [1]
touchgfx::TypedText::numberOfTypedTexts
                        0x2000'29c8       0x2  Data  Gb  TypedText.o [7]
touchgfx::TypedText::texts
                        0x2000'29b8       0x4  Data  Gb  TypedText.o [7]
touchgfx::TypedText::typedTexts
                        0x2000'29b4       0x4  Data  Gb  TypedText.o [7]
touchgfx::UIEventListener::handleClickEvent(touchgfx::ClickEvent const &)
                         0x800'faa7       0x2  Code  Gb  Application.o [7]
touchgfx::UIEventListener::handleDragEvent(touchgfx::DragEvent const &)
                         0x800'fad3       0x2  Code  Gb  Application.o [7]
touchgfx::UIEventListener::handleGestureEvent(touchgfx::GestureEvent const &)
                         0x800'fb63       0x2  Code  Gb  Application.o [7]
touchgfx::UIEventListener::handleKeyEvent(unsigned char)
                         0x800'fe85       0x2  Code  Gb  Application.o [7]
touchgfx::UIEventListener::handleTickEvent()
                         0x800'fe87       0x2  Code  Gb  Application.o [7]
touchgfx::Unicode::atoi(unsigned short const *)
                         0x800'935f      0x20  Code  Gb  Unicode.o [7]
touchgfx::Unicode::composeString(unsigned short const *&, unsigned short, unsigned short const *, bool, bool, int, bool, int, bool, int &, unsigned short, unsigned short *)
                         0x800'96a7     0x14c  Code  Gb  Unicode.o [7]
touchgfx::Unicode::itoa(int, unsigned short *, unsigned short, int)
                         0x800'92b5      0x68  Code  Gb  Unicode.o [7]
touchgfx::Unicode::snprintf(unsigned short *, unsigned short, char const *, ...)
                         0x800'9655       0xe  Code  Gb  Unicode.o [7]
touchgfx::Unicode::strlen(char const *)
                         0x800'9271      0x1a  Code  Gb  Unicode.o [7]
touchgfx::Unicode::strncpy(unsigned short *, char const *, unsigned short)
                         0x800'928b      0x24  Code  Gb  Unicode.o [7]
touchgfx::Unicode::utoa(unsigned int, unsigned short *, unsigned short, int)
                         0x800'931d      0x42  Code  Gb  Unicode.o [7]
touchgfx::Unicode::vsnprintf(unsigned short *, unsigned short, char const *, __va_list)
                         0x800'9663      0x44  Code  Gb  Unicode.o [7]
touchgfx::Unicode::vsnprintf(unsigned short *, unsigned short, unsigned short const *, __va_list)
                         0x800'937f     0x2ca  Code  Gb  Unicode.o [7]
touchgfx::Vector<touchgfx::Rect, (unsigned short)8>::Vector()
                         0x800'5321      0x1c  Code  Gb  Application.o [7]
touchgfx::Vector<touchgfx::Rect, (unsigned short)8>::add(touchgfx::Rect)
                         0x800'52d5      0x4c  Code  Gb  Application.o [7]
touchgfx::Vector<touchgfx::Rect, (unsigned short)8>::add(touchgfx::Rect)::string (instance 2)
                         0x800'fc7c       0x8  Data  Gb  Application.o [7]
touchgfx::Vector<touchgfx::Rect, (unsigned short)8>::add(touchgfx::Rect)::string (instance 3)
                         0x800'ed68      0x88  Data  Gb  Application.o [7]
touchgfx::Vector<touchgfx::Rect, (unsigned short)8>::quickRemoveAt(unsigned short)
                         0x800'51ef      0x50  Code  Gb  Application.o [7]
touchgfx::View<Screen1Presenter>::~View()
                         0x800'f93d       0x2  Code  Gb  Screen1ViewBase.o [1]
touchgfx::Widget::Widget() [subobject]
                         0x800'dd71      0x2a  Code  Gb  Screen1ViewBase.o [1]
touchgfx::Widget::getLastChild(short, short, touchgfx::Drawable **)
                         0x800'51d7      0x12  Code  Gb  Screen1ViewBase.o [1]
touchgfx::ceil28_4(int)
                         0x800'3e97      0x24  Code  Gb  TextureMapTypes.o [7]
touchgfx::display       0x2000'0ac8       0x4  Data  Gb  BoardConfiguration.o [1]
touchgfx::dma           0x2000'000c     0xaa8  Data  Gb  BoardConfiguration.o [1]
touchgfx::fixed28_4Mul(int, int)
                         0x800'3e1d      0x7a  Code  Gb  TextureMapTypes.o [7]
touchgfx::floorDivMod(int, int, int &, int &)
                         0x800'3ed5      0x54  Code  Gb  TextureMapTypes.o [7]
touchgfx::floorDivMod(int, int, int &, int &)::string
                         0x800'fc84       0x8  Data  Gb  TextureMapTypes.o [7]
touchgfx::floorDivMod(int, int, int &, int &)::string (instance 2)
                         0x800'ecd8      0x90  Data  Gb  TextureMapTypes.o [7]
touchgfx::getHAL<STM32F7HAL>(touchgfx::DMA_Interface &, touchgfx::LCD &, touchgfx::TouchController &, int16_t, int16_t)::hal
                        0x2000'2610      0x68  Data  Lc  BoardConfiguration.o [1]
touchgfx::getHAL<STM32F7HAL>(touchgfx::DMA_Interface &, touchgfx::LCD &, touchgfx::TouchController &, int16_t, int16_t)::static guard for hal
                        0x2000'260c       0x1  Data  Lc  BoardConfiguration.o [1]
touchgfx::hw_init()      0x800'c217     0x17a  Code  Gb  BoardConfiguration.o [1]
touchgfx::lookupBilinearRenderVariant(touchgfx::Bitmap const &)
                         0x800'987d      0x1e  Code  Gb  Utils.o [7]
touchgfx::lookupNearestNeighborRenderVariant(touchgfx::Bitmap const &)
                         0x800'9863      0x1a  Code  Gb  Utils.o [7]
touchgfx::mcuInstr      0x2000'0abc       0xc  Data  Gb  BoardConfiguration.o [1]
touchgfx::memset(void *, unsigned char, unsigned int)
                         0x800'9855       0xe  Code  Gb  Utils.o [7]
touchgfx::nextRand()::seed
                        0x2000'29ac       0x4  Data  Lc  Application.o [7]
touchgfx::tc            0x2000'0ab4       0x8  Data  Gb  BoardConfiguration.o [1]
touchgfx::tim           0x2000'2848      0x3c  Data  Gb  STM32F7Instrumentation.o [1]
touchgfx::touchgfx_init()
                         0x800'c391      0x60  Code  Gb  BoardConfiguration.o [1]
tsDriver                0x2000'288c       0x4  Data  Lc  stm32746g_discovery_ts.o [1]
tsOrientation           0x2000'2884       0x1  Data  Lc  stm32746g_discovery_ts.o [1]
tsXBoundary             0x2000'2886       0x2  Data  Lc  stm32746g_discovery_ts.o [1]
tsYBoundary             0x2000'2888       0x2  Data  Lc  stm32746g_discovery_ts.o [1]
typedTextDatabaseArray   0x800'fe80       0x4  Data  Lc  TypedTextDatabase.o [1]
typedText_database_DEFAULT
                         0x800'fe8a       0x2  Data  Lc  TypedTextDatabase.o [1]
ucHeap                  0x2000'0b0c    0x157c  Data  Lc  heap_2.o [1]
ucMaxSysCallPriority    0x2000'2094       0x1  Data  Lc  port.o [1]
ulMaxPRIGROUPValue      0x2000'209c       0x4  Data  Lc  port.o [1]
unicodes_verdana_10_4bpp
                         0x800'dfc4     0x180  Data  Gb  Font_verdana_10_4bpp.o [1]
unicodes_verdana_20_4bpp
                         0x800'a51c     0x4d8  Data  Gb  Font_verdana_20_4bpp.o [1]
unicodes_verdana_40_4bpp
                         0x800'01c8    0x142c  Data  Gb  Font_verdana_40_4bpp.o [1]
uwTick                  0x2000'29a8       0x4  Data  Gb  stm32f7xx_hal.o [1]
uxCriticalNesting       0x2000'2098       0x4  Data  Lc  port.o [1]
uxCurrentNumberOfTasks  0x2000'254c       0x4  Data  Lc  tasks.o [1]
uxListRemove             0x800'5e09      0x28  Code  Gb  list.o [1]
uxPendedTicks           0x2000'2150       0x4  Data  Lc  tasks.o [1]
uxSchedulerSuspended    0x2000'255c       0x4  Data  Lc  tasks.o [1]
uxTaskNumber            0x2000'2158       0x4  Data  Lc  tasks.o [1]
uxTasksDeleted          0x2000'2134       0x4  Data  Lc  tasks.o [1]
uxTopReadyPriority      0x2000'2554       0x4  Data  Lc  tasks.o [1]
vApplicationIdleHook     0x800'60fb       0x8  Code  Gb  OSWrappers.o [1]
vApplicationMallocFailedHook
                         0x800'60f9       0x2  Code  Gb  OSWrappers.o [1]
vApplicationStackOverflowHook
                         0x800'60f7       0x2  Code  Gb  OSWrappers.o [1]
vListInitialise          0x800'5d99      0x1a  Code  Gb  list.o [1]
vListInitialiseItem      0x800'5db3       0x6  Code  Gb  list.o [1]
vListInsert              0x800'5dd5      0x34  Code  Gb  list.o [1]
vListInsertEnd           0x800'5db9      0x1c  Code  Gb  list.o [1]
vPortEnableVFP           0x800'620d            Code  Gb  portasm.o [1]
vPortEnterCritical       0x800'5ee9      0x3c  Code  Gb  port.o [1]
vPortExitCritical        0x800'5f25      0x28  Code  Gb  port.o [1]
vPortFree                0x800'5d5d      0x36  Code  Gb  heap_2.o [1]
vPortStartFirstTask      0x800'61f5            Code  Gb  portasm.o [1]
vPortValidateInterruptPriority
                         0x800'5f7d      0x50  Code  Gb  port.o [1]
vTaskMissedYield         0x800'5a93       0xa  Code  Gb  tasks.o [1]
vTaskPlaceOnEventList    0x800'5921      0x4c  Code  Gb  tasks.o [1]
vTaskPriorityInherit     0x800'5b73      0x7e  Code  Gb  tasks.o [1]
vTaskSetApplicationTaskTag
                         0x800'5855      0x12  Code  Gb  tasks.o [1]
vTaskSetTimeOutState     0x800'59f1      0x2c  Code  Gb  tasks.o [1]
vTaskStartScheduler      0x800'5641      0x6a  Code  Gb  tasks.o [1]
vTaskSuspendAll          0x800'56b5       0xc  Code  Gb  tasks.o [1]
vTaskSwitchContext       0x800'5885      0x9c  Code  Gb  tasks.o [1]
vTaskSwitchContext{1}{3}{6}::ucExpectedStackBytes
                         0x800'5c90      0x14  Data  Lc  tasks.o [1]
vsync_q                 0x2000'208c       0x4  Data  Lc  OSWrappers.o [1]
xDelayedTaskList1       0x2000'2560      0x14  Data  Lc  tasks.o [1]
xDelayedTaskList2       0x2000'2574      0x14  Data  Lc  tasks.o [1]
xEnd                    0x2000'0afc       0x8  Data  Lc  heap_2.o [1]
xFreeBytesRemaining     0x2000'0b04       0x4  Data  Lc  heap_2.o [1]
xNextTaskUnblockTime    0x2000'215c       0x4  Data  Lc  tasks.o [1]
xNumOfOverflows         0x2000'2154       0x4  Data  Lc  tasks.o [1]
xPendingReadyList       0x2000'2108      0x14  Data  Lc  tasks.o [1]
xPortStartScheduler      0x800'5e77      0x72  Code  Gb  port.o [1]
xQueueGenericCreate      0x800'62b3      0x6c  Code  Gb  queue.o [1]
xQueueGenericReceive     0x800'65c9     0x158  Code  Gb  queue.o [1]
xQueueGenericReset       0x800'6229      0x8a  Code  Gb  queue.o [1]
xQueueGenericSend        0x800'631f     0x14c  Code  Gb  queue.o [1]
xQueueGenericSendFromISR
                         0x800'6477      0xc8  Code  Gb  queue.o [1]
xQueueGiveFromISR        0x800'653f      0x8a  Code  Gb  queue.o [1]
xSchedulerRunning       0x2000'214c       0x4  Data  Lc  tasks.o [1]
xStart                  0x2000'0af4       0x8  Data  Lc  heap_2.o [1]
xSuspendedTaskList      0x2000'2138      0x14  Data  Lc  tasks.o [1]
xTaskCallApplicationTaskHook
                         0x800'586f      0x16  Code  Gb  tasks.o [1]
xTaskCheckForTimeOut     0x800'5a1d      0x76  Code  Gb  tasks.o [1]
xTaskGenericCreate       0x800'5461     0x1de  Code  Gb  tasks.o [1]
xTaskIncrementTick       0x800'577b      0xda  Code  Gb  tasks.o [1]
xTaskPriorityDisinherit
                         0x800'5bf1      0x80  Code  Gb  tasks.o [1]
xTaskRemoveFromEventList
                         0x800'5987      0x64  Code  Gb  tasks.o [1]
xTaskResumeAll           0x800'56c1      0xba  Code  Gb  tasks.o [1]
xTasksWaitingTermination
                        0x2000'211c      0x14  Data  Lc  tasks.o [1]
xTickCount              0x2000'2550       0x4  Data  Lc  tasks.o [1]
xYieldPending           0x2000'2558       0x4  Data  Lc  tasks.o [1]


[1] = C:\dev\ChristmasLights\stm32_controller\target\IAR8.x\Debug\Obj
[2] = dl7M_tln.a
[3] = dlpp7M_tl_nc.a
[4] = m7M_tls.a
[5] = rt7M_tl.a
[6] = shb_l.a
[7] = touchgfx_core.a

     53 969 bytes of readonly  code memory
  5 988 509 bytes of readonly  data memory
     12 133 bytes of readwrite data memory

Errors: none
Warnings: none
